Archive member included because of file (symbol)

/Applications/Simplicity Studio.app/Contents/Eclipse/developer/sdks/gecko_sdk_suite/v1.0//protocol/bluetooth_2.3/lib/EFR32BG1B/GCC/bgapi.a(gecko_bgapi_hardware.c.obj)
                              ./main.o (gecko_bgapi_class_hardware_init)
/Applications/Simplicity Studio.app/Contents/Eclipse/developer/sdks/gecko_sdk_suite/v1.0//protocol/bluetooth_2.3/lib/EFR32BG1B/GCC/bgapi.a(gecko_bgapi_test.c.obj)
                              ./main.o (gecko_bgapi_class_test_init)
/Applications/Simplicity Studio.app/Contents/Eclipse/developer/sdks/gecko_sdk_suite/v1.0//protocol/bluetooth_2.3/lib/EFR32BG1B/GCC/bgapi.a(gecko_bgapi_util.c.obj)
                              ./main.o (gecko_bgapi_class_util_init)
/Applications/Simplicity Studio.app/Contents/Eclipse/developer/sdks/gecko_sdk_suite/v1.0//protocol/bluetooth_2.3/lib/EFR32BG1B/GCC/bgapi.a(gecko_bgapi_dfu.c.obj)
                              ./main.o (gecko_bgapi_class_dfu_init)
/Applications/Simplicity Studio.app/Contents/Eclipse/developer/sdks/gecko_sdk_suite/v1.0//protocol/bluetooth_2.3/lib/EFR32BG1B/GCC/bgapi.a(gecko_bgapi_gap.c.obj)
                              ./main.o (gecko_bgapi_class_le_gap_init)
/Applications/Simplicity Studio.app/Contents/Eclipse/developer/sdks/gecko_sdk_suite/v1.0//protocol/bluetooth_2.3/lib/EFR32BG1B/GCC/bgapi.a(gecko_bgapi_gatt.c.obj)
                              ./main.o (gecko_bgapi_class_gatt_init)
/Applications/Simplicity Studio.app/Contents/Eclipse/developer/sdks/gecko_sdk_suite/v1.0//protocol/bluetooth_2.3/lib/EFR32BG1B/GCC/bgapi.a(gecko_bgapi_gatt_server.c.obj)
                              ./main.o (gecko_bgapi_class_gatt_server_init)
/Applications/Simplicity Studio.app/Contents/Eclipse/developer/sdks/gecko_sdk_suite/v1.0//protocol/bluetooth_2.3/lib/EFR32BG1B/GCC/bgapi.a(gecko_bgapi_flash.c.obj)
                              ./main.o (gecko_bgapi_class_flash_init)
/Applications/Simplicity Studio.app/Contents/Eclipse/developer/sdks/gecko_sdk_suite/v1.0//protocol/bluetooth_2.3/lib/EFR32BG1B/GCC/bgapi.a(gecko_bgapi_sm.c.obj)
                              ./main.o (gecko_bgapi_class_sm_init)
/Applications/Simplicity Studio.app/Contents/Eclipse/developer/sdks/gecko_sdk_suite/v1.0//protocol/bluetooth_2.3/lib/EFR32BG1B/GCC/bgapi.a(gecko_bgapi_system.c.obj)
                              ./main.o (gecko_bgapi_class_system_init)
/Applications/Simplicity Studio.app/Contents/Eclipse/developer/sdks/gecko_sdk_suite/v1.0//protocol/bluetooth_2.3/lib/EFR32BG1B/GCC/bgapi.a(gecko_bgapi_endpoint.c.obj)
                              ./main.o (gecko_bgapi_class_endpoint_init)
/Applications/Simplicity Studio.app/Contents/Eclipse/developer/sdks/gecko_sdk_suite/v1.0//protocol/bluetooth_2.3/lib/EFR32BG1B/GCC/bgapi.a(gecko_bgapi_le_connection.c.obj)
                              ./main.o (gecko_bgapi_class_le_connection_init)
/Applications/Simplicity Studio.app/Contents/Eclipse/developer/sdks/gecko_sdk_suite/v1.0//protocol/bluetooth_2.3/lib/EFR32BG1B/GCC/bgapi.a(bgapi_hardware_lib.c.obj)
                              /Applications/Simplicity Studio.app/Contents/Eclipse/developer/sdks/gecko_sdk_suite/v1.0//protocol/bluetooth_2.3/lib/EFR32BG1B/GCC/bgapi.a(gecko_bgapi_hardware.c.obj) (gecko_cmd_hardware_read_i2c)
/Applications/Simplicity Studio.app/Contents/Eclipse/developer/sdks/gecko_sdk_suite/v1.0//protocol/bluetooth_2.3/lib/EFR32BG1B/GCC/bgapi.a(bgapi_hardware.c.obj)
                              /Applications/Simplicity Studio.app/Contents/Eclipse/developer/sdks/gecko_sdk_suite/v1.0//protocol/bluetooth_2.3/lib/EFR32BG1B/GCC/bgapi.a(gecko_bgapi_hardware.c.obj) (lib_hardware_handler_init)
/Applications/Simplicity Studio.app/Contents/Eclipse/developer/sdks/gecko_sdk_suite/v1.0//protocol/bluetooth_2.3/lib/EFR32BG1B/GCC/bgapi.a(bgapi_test_lib.c.obj)
                              /Applications/Simplicity Studio.app/Contents/Eclipse/developer/sdks/gecko_sdk_suite/v1.0//protocol/bluetooth_2.3/lib/EFR32BG1B/GCC/bgapi.a(gecko_bgapi_test.c.obj) (lib_test_handler_init)
/Applications/Simplicity Studio.app/Contents/Eclipse/developer/sdks/gecko_sdk_suite/v1.0//protocol/bluetooth_2.3/lib/EFR32BG1B/GCC/bgapi.a(bgapi_util.c.obj)
                              /Applications/Simplicity Studio.app/Contents/Eclipse/developer/sdks/gecko_sdk_suite/v1.0//protocol/bluetooth_2.3/lib/EFR32BG1B/GCC/bgapi.a(gecko_bgapi_util.c.obj) (lib_util_handler_init)
/Applications/Simplicity Studio.app/Contents/Eclipse/developer/sdks/gecko_sdk_suite/v1.0//protocol/bluetooth_2.3/lib/EFR32BG1B/GCC/bgapi.a(bgapi_dfu.c.obj)
                              /Applications/Simplicity Studio.app/Contents/Eclipse/developer/sdks/gecko_sdk_suite/v1.0//protocol/bluetooth_2.3/lib/EFR32BG1B/GCC/bgapi.a(gecko_bgapi_dfu.c.obj) (lib_dfu_handler_init)
/Applications/Simplicity Studio.app/Contents/Eclipse/developer/sdks/gecko_sdk_suite/v1.0//protocol/bluetooth_2.3/lib/EFR32BG1B/GCC/bgapi.a(bgapi_gap.c.obj)
[...]
Memory Configuration

Name             Origin             Length             Attributes
FLASH            0x0000000000000000 0x000000000003f000 xr
RAM              0x0000000020003000 0x0000000000004bfc xrw
*default*        0x0000000000000000 0xffffffffffffffff

Linker script and memory map

LOAD /Applications/Simplicity Studio.app/Contents/Eclipse/developer/toolchains/gnu_arm/4.9_2015q3/bin/../lib/gcc/arm-none-eabi/4.9.3/armv7e-m/softfp/crti.o
LOAD /Applications/Simplicity Studio.app/Contents/Eclipse/developer/toolchains/gnu_arm/4.9_2015q3/bin/../lib/gcc/arm-none-eabi/4.9.3/armv7e-m/softfp/crtbegin.o
LOAD /Applications/Simplicity Studio.app/Contents/Eclipse/developer/toolchains/gnu_arm/4.9_2015q3/bin/../lib/gcc/arm-none-eabi/4.9.3/../../../../arm-none-eabi/lib/armv7e-m/softfp/crt0.o
LOAD ./application_properties.o
LOAD ./ble-callback-stubs.o
LOAD ./ble-callbacks.o
LOAD ./gatt_db.o
LOAD ./main.o
LOAD ./retargetio.o
LOAD ./retargetserial.o
LOAD ./spp_client_main.o
LOAD ./spp_server_main.o
LOAD ./bgapi/dmadrv.o
LOAD ./bgapi/em_adc.o
LOAD ./bgapi/em_ldma.o
LOAD ./bgapi/em_leuart.o
LOAD ./device/EFR32_B_1_1_B/gcc/startup_efr32bg1b.o
LOAD ./emlib/em_cmu.o
LOAD ./emlib/em_cryotimer.o
LOAD ./emlib/em_gpio.o
LOAD ./emlib/em_i2c.o
LOAD ./emlib/em_msc.o
LOAD ./emlib/em_rtcc.o
LOAD ./emlib/em_system.o
LOAD ./emlib/em_usart.o
LOAD ./kit_flashpwr/BRD4302A/mx25flash_spi.o
LOAD ./src/InitDevice.o
LOAD /Applications/Simplicity Studio.app/Contents/Eclipse/developer/sdks/gecko_sdk_suite/v1.0//protocol/bluetooth_2.3/lib/EFR32BG1B/EABI/stack.a
LOAD /Applications/Simplicity Studio.app/Contents/Eclipse/developer/sdks/gecko_sdk_suite/v1.0//protocol/bluetooth_2.3/lib/EFR32BG1B/EABI/binstack.o
LOAD /Applications/Simplicity Studio.app/Contents/Eclipse/developer/sdks/gecko_sdk_suite/v1.0//protocol/bluetooth_2.3/lib/EFR32BG1B/GCC/bgapi.a
LOAD /Applications/Simplicity Studio.app/Contents/Eclipse/developer/sdks/gecko_sdk_suite/v1.0//protocol/bluetooth_2.3/lib/EFR32BG1B/EABI/binbootloader.o
LOAD /Applications/Simplicity Studio.app/Contents/Eclipse/developer/toolchains/gnu_arm/4.9_2015q3/bin/../lib/gcc/arm-none-eabi/4.9.3/../../../../arm-none-eabi/lib/armv7e-m/softfp/libm.a
START GROUP
LOAD /Applications/Simplicity Studio.app/Contents/Eclipse/developer/toolchains/gnu_arm/4.9_2015q3/bin/../lib/gcc/arm-none-eabi/4.9.3/armv7e-m/softfp/libgcc.a
LOAD /Applications/Simplicity Studio.app/Contents/Eclipse/developer/toolchains/gnu_arm/4.9_2015q3/bin/../lib/gcc/arm-none-eabi/4.9.3/../../../../arm-none-eabi/lib/armv7e-m/softfp/libc.a
LOAD /Applications/Simplicity Studio.app/Contents/Eclipse/developer/toolchains/gnu_arm/4.9_2015q3/bin/../lib/gcc/arm-none-eabi/4.9.3/../../../../arm-none-eabi/lib/armv7e-m/softfp/libnosys.a
END GROUP
START GROUP
LOAD /Applications/Simplicity Studio.app/Contents/Eclipse/developer/toolchains/gnu_arm/4.9_2015q3/bin/../lib/gcc/arm-none-eabi/4.9.3/armv7e-m/softfp/libgcc.a
LOAD /Applications/Simplicity Studio.app/Contents/Eclipse/developer/toolchains/gnu_arm/4.9_2015q3/bin/../lib/gcc/arm-none-eabi/4.9.3/../../../../arm-none-eabi/lib/armv7e-m/softfp/libg.a
LOAD /Applications/Simplicity Studio.app/Contents/Eclipse/developer/toolchains/gnu_arm/4.9_2015q3/bin/../lib/gcc/arm-none-eabi/4.9.3/../../../../arm-none-eabi/lib/armv7e-m/softfp/libc.a
END GROUP
LOAD /Applications/Simplicity Studio.app/Contents/Eclipse/developer/toolchains/gnu_arm/4.9_2015q3/bin/../lib/gcc/arm-none-eabi/4.9.3/armv7e-m/softfp/crtend.o
LOAD /Applications/Simplicity Studio.app/Contents/Eclipse/developer/toolchains/gnu_arm/4.9_2015q3/bin/../lib/gcc/arm-none-eabi/4.9.3/armv7e-m/softfp/crtn.o

.text_bootloader
                0x0000000000000000     0x4000
 *(.binbootloader*)
 .binbootloader
                0x0000000000000000      0x31c /Applications/Simplicity Studio.app/Contents/Eclipse/developer/sdks/gecko_sdk_suite/v1.0//protocol/bluetooth_2.3/lib/EFR32BG1B/EABI/binbootloader.o
                0x0000000000004000                . = ALIGN (0x4000)
 *fill*         0x000000000000031c     0x3ce4 

.text_stack_bin
                0x0000000000004000    0x1d000
 *(.binstack*)
 .binstack      0x0000000000004000    0x1cc10 /Applications/Simplicity Studio.app/Contents/Eclipse/developer/sdks/gecko_sdk_suite/v1.0//protocol/bluetooth_2.3/lib/EFR32BG1B/EABI/binstack.o
                0x0000000000021000                . = ALIGN (0x800)
 *fill*         0x0000000000020c10      0x3f0 
                0x0000000000021000                __text_start__ = .

.text_app       0x0000000000021000     0xbc2c
 *(.AAT)
 .AAT           0x0000000000021000       0x80 ./main.o
                0x0000000000021000                AppAddressTable
 *(.vectors)
 .vectors       0x0000000000021080       0xc8 ./device/EFR32_B_1_1_B/gcc/startup_efr32bg1b.o
                0x0000000000021080                __Vectors
                0x0000000000021148                __Vectors_End = .
                0x00000000000000c8                __Vectors_Size = (__Vectors_End - __Vectors)
                0x0000000000021148                __end__ = .
 *(.gecko_configuration)
 *(.xo_configuration)
 *(.gatt_header)
 .gatt_header   0x0000000000021148       0x30 ./gatt_db.o
                0x0000000000021148                bg_gattdb_data
 *(.gatt_data)
 .gatt_data     0x0000000000021178      0x266 ./gatt_db.o
                0x0000000000021178                bg_gattdb_data_adv_uuid128_map
                0x0000000000021188                bg_gattdb_data_adv_uuid16_map
                0x000000000002118c                bg_gattdb_data_attributes_dynamic_mapping_map
                0x0000000000021194                bg_gattdb_data_attributes_map
                0x00000000000212a8                bg_gattdb_data_attribute_field_0
                0x00000000000212ac                bg_gattdb_data_attribute_field_1
                0x00000000000212b4                bg_gattdb_data_attribute_field_2
                0x00000000000212bc                bg_gattdb_data_attribute_field_4
                0x00000000000212c0                bg_gattdb_data_attribute_field_5
                0x00000000000212c8                bg_gattdb_data_attribute_field_6
                0x00000000000212d0                bg_gattdb_data_attribute_field_7
                0x00000000000212d8                bg_gattdb_data_attribute_field_8
                0x00000000000212dc                bg_gattdb_data_attribute_field_9
                0x00000000000212e0                bg_gattdb_data_attribute_field_10
                0x00000000000212e8                bg_gattdb_data_attribute_field_11
                0x00000000000212f8                bg_gattdb_data_attribute_field_12
                0x0000000000021300                bg_gattdb_data_attribute_field_13
                0x000000000002130c                bg_gattdb_data_attribute_field_14
                0x0000000000021314                bg_gattdb_data_attribute_field_15
                0x000000000002131c                bg_gattdb_data_attribute_field_16
                0x0000000000021330                bg_gattdb_data_attribute_field_17
                0x0000000000021348                bg_gattdb_data_attribute_field_18
                0x0000000000021350                bg_gattdb_data_attribute_field_19
                0x0000000000021364                bg_gattdb_data_attribute_field_20
                0x000000000002137c                bg_gattdb_data_attribute_field_21
                0x0000000000021384                bg_gattdb_data_uuidtable_128_map
                0x00000000000213c4                bg_gattdb_data_uuidtable_16_map
 *(.text*)
 *fill*         0x00000000000213de        0x2 
 .text          0x00000000000213e0       0x5c /Applications/Simplicity Studio.app/Contents/Eclipse/developer/toolchains/gnu_arm/4.9_2015q3/bin/../lib/gcc/arm-none-eabi/4.9.3/armv7e-m/softfp/crtbegin.o
 .text          0x000000000002143c       0x74 /Applications/Simplicity Studio.app/Contents/Eclipse/developer/toolchains/gnu_arm/4.9_2015q3/bin/../lib/gcc/arm-none-eabi/4.9.3/../../../../arm-none-eabi/lib/armv7e-m/softfp/crt0.o
                0x000000000002143c                _mainCRTStartup
                0x000000000002143c                _start
 .text.startup.main
                0x00000000000214b0       0xa4 ./main.o
                0x00000000000214b0                main
 .text._close   0x0000000000021554        0x4 ./retargetio.o
                0x0000000000021554                _close
 .text._exit    0x0000000000021558        0x4 ./retargetio.o
                0x0000000000021558                _exit
 .text._fstat   0x000000000002155c        0xc ./retargetio.o
                0x000000000002155c                _fstat
 .text._isatty  0x0000000000021568        0x4 ./retargetio.o
                0x0000000000021568                _isatty
 .text._lseek   0x000000000002156c        0x4 ./retargetio.o
                0x000000000002156c                _lseek
 .text._read    0x0000000000021570       0x30 ./retargetio.o
                0x0000000000021570                _read
 .text._sbrk    0x00000000000215a0       0x50 ./retargetio.o
                0x00000000000215a0                _sbrk
 .text._write   0x00000000000215f0       0x1c ./retargetio.o
                0x00000000000215f0                _write
 .text.USART0_RX_IRQHandler
                0x000000000002160c       0x5c ./retargetserial.o
                0x000000000002160c                USART0_RX_IRQHandler
 .text.RETARGET_SerialInit
                0x0000000000021668       0xcc ./retargetserial.o
                0x0000000000021668                RETARGET_SerialInit
 .text.RETARGET_ReadChar
                0x0000000000021734       0x5c ./retargetserial.o
                0x0000000000021734                RETARGET_ReadChar
 .text.RETARGET_WriteChar
                0x0000000000021790       0x58 ./retargetserial.o
                0x0000000000021790                RETARGET_WriteChar
 .text.spp_client_main
                0x00000000000217e8      0x484 ./spp_client_main.o
                0x00000000000217e8                spp_client_main
 .text.spp_server_main
                0x0000000000021c6c      0x26c ./spp_server_main.o
                0x0000000000021c6c                spp_server_main
 .text.StartTransfer
                0x0000000000021ed8      0x1dc ./bgapi/dmadrv.o
 .text.DMADRV_AllocateChannel
                0x00000000000220b4       0x60 ./bgapi/dmadrv.o
                0x00000000000220b4                DMADRV_AllocateChannel
 .text.DMADRV_Init
                0x0000000000022114       0x60 ./bgapi/dmadrv.o
                0x0000000000022114                DMADRV_Init
 .text.DMADRV_MemoryPeripheral
                0x0000000000022174       0x34 ./bgapi/dmadrv.o
                0x0000000000022174                DMADRV_MemoryPeripheral
 .text.DMADRV_PeripheralMemory
                0x00000000000221a8       0x34 ./bgapi/dmadrv.o
                0x00000000000221a8                DMADRV_PeripheralMemory
 .text.DMADRV_StopTransfer
                0x00000000000221dc       0x44 ./bgapi/dmadrv.o
                0x00000000000221dc                DMADRV_StopTransfer
 .text.DMADRV_TransferRemainingCount
                0x0000000000022220       0x50 ./bgapi/dmadrv.o
                0x0000000000022220                DMADRV_TransferRemainingCount
 .text.LDMA_IRQHandler
                0x0000000000022270       0x7c ./bgapi/dmadrv.o
                0x0000000000022270                LDMA_IRQHandler
 .text.ADC_LoadDevinfoCal
                0x00000000000222ec       0xf4 ./bgapi/em_adc.o
 .text.ADC_InitSingle
                0x00000000000223e0       0xb4 ./bgapi/em_adc.o
                0x00000000000223e0                ADC_InitSingle
 .text.ADC_PrescaleCalc
                0x0000000000022494       0x4c ./bgapi/em_adc.o
                0x0000000000022494                ADC_PrescaleCalc
 .text.ADC_Init
                0x00000000000224e0       0x68 ./bgapi/em_adc.o
                0x00000000000224e0                ADC_Init
 .text.LDMA_Init
                0x0000000000022548       0x58 ./bgapi/em_ldma.o
                0x0000000000022548                LDMA_Init
 .text.LDMA_StartTransfer
                0x00000000000225a0       0xa8 ./bgapi/em_ldma.o
                0x00000000000225a0                LDMA_StartTransfer
 .text.LDMA_StopTransfer
                0x0000000000022648       0x28 ./bgapi/em_ldma.o
                0x0000000000022648                LDMA_StopTransfer
 .text.LDMA_TransferRemainingCount
                0x0000000000022670       0x40 ./bgapi/em_ldma.o
                0x0000000000022670                LDMA_TransferRemainingCount
 .text.LEUART_BaudrateSet
                0x00000000000226b0       0x54 ./bgapi/em_leuart.o
                0x00000000000226b0                LEUART_BaudrateSet
 .text.LEUART_Enable
                0x0000000000022704       0x1c ./bgapi/em_leuart.o
                0x0000000000022704                LEUART_Enable
 .text.LEUART_Init
                0x0000000000022720       0x4c ./bgapi/em_leuart.o
                0x0000000000022720                LEUART_Init
 .text.Default_Handler
                0x000000000002276c        0x4 ./device/EFR32_B_1_1_B/gcc/startup_efr32bg1b.o
                0x000000000002276c                IDAC0_IRQHandler
                0x000000000002276c                USART0_TX_IRQHandler
                0x000000000002276c                I2C0_IRQHandler
                0x000000000002276c                HardFault_Handler
                0x000000000002276c                SysTick_Handler
                0x000000000002276c                USART1_RX_IRQHandler
                0x000000000002276c                PendSV_Handler
                0x000000000002276c                NMI_Handler
                0x000000000002276c                SYNTH_IRQHandler
                0x000000000002276c                WDOG0_IRQHandler
                0x000000000002276c                USART1_TX_IRQHandler
                0x000000000002276c                MSC_IRQHandler
                0x000000000002276c                ADC0_IRQHandler
                0x000000000002276c                UsageFault_Handler
                0x000000000002276c                LEUART0_IRQHandler
                0x000000000002276c                FPUEH_IRQHandler
                0x000000000002276c                GPIO_EVEN_IRQHandler
                0x000000000002276c                TIMER0_IRQHandler
                0x000000000002276c                LETIMER0_IRQHandler
                0x000000000002276c                TIMER1_IRQHandler
                0x000000000002276c                RFSENSE_IRQHandler
                0x000000000002276c                BUFC_IRQHandler
                0x000000000002276c                MODEM_IRQHandler
                0x000000000002276c                Default_Handler
                0x000000000002276c                RAC_SEQ_IRQHandler
                0x000000000002276c                FRC_PRI_IRQHandler
                0x000000000002276c                FRC_IRQHandler
                0x000000000002276c                CRYOTIMER_IRQHandler
                0x000000000002276c                PCNT0_IRQHandler
                0x000000000002276c                AGC_IRQHandler
                0x000000000002276c                ACMP0_IRQHandler
                0x000000000002276c                MemManage_Handler
                0x000000000002276c                SVC_Handler
                0x000000000002276c                RTCC_IRQHandler
                0x000000000002276c                CRYPTO_IRQHandler
                0x000000000002276c                CMU_IRQHandler
                0x000000000002276c                RAC_RSM_IRQHandler
                0x000000000002276c                GPIO_ODD_IRQHandler
                0x000000000002276c                PROTIMER_IRQHandler
                0x000000000002276c                BusFault_Handler
                0x000000000002276c                DebugMon_Handler
 .text.Reset_Handler
                0x0000000000022770       0x34 ./device/EFR32_B_1_1_B/gcc/startup_efr32bg1b.o
                0x0000000000022770                Reset_Handler
 .text.flashWaitStateMax
                0x00000000000227a4       0x40 ./emlib/em_cmu.o
 .text.CMU_OscillatorTuningSet.part.2
                0x00000000000227e4       0x44 ./emlib/em_cmu.o
 .text.CMU_ClockEnable
                0x0000000000022828       0x8c ./emlib/em_cmu.o
                0x0000000000022828                CMU_ClockEnable
 .text.CMU_ClockSelectGet
                0x00000000000228b4       0xa4 ./emlib/em_cmu.o
                0x00000000000228b4                CMU_ClockSelectGet
 .text.lfClkGet
                0x0000000000022958       0x94 ./emlib/em_cmu.o
 .text.CMU_ClockFreqGet
                0x00000000000229ec      0x128 ./emlib/em_cmu.o
                0x00000000000229ec                CMU_ClockFreqGet
 .text.CMU_HFXOAutostartEnable
                0x0000000000022b14       0x88 ./emlib/em_cmu.o
                0x0000000000022b14                CMU_HFXOAutostartEnable
 .text.CMU_OscillatorTuningWait
                0x0000000000022b9c       0x60 ./emlib/em_cmu.o
                0x0000000000022b9c                CMU_OscillatorTuningWait
 .text.CMU_OscillatorEnable
                0x0000000000022bfc      0x110 ./emlib/em_cmu.o
                0x0000000000022bfc                CMU_OscillatorEnable
 .text.CMU_ClockSelectSet
                0x0000000000022d0c      0x158 ./emlib/em_cmu.o
                0x0000000000022d0c                CMU_ClockSelectSet
 .text.CMU_HFXOInit
                0x0000000000022e64       0xec ./emlib/em_cmu.o
                0x0000000000022e64                CMU_HFXOInit
 .text.CMU_LFXOInit
                0x0000000000022f50       0x40 ./emlib/em_cmu.o
                0x0000000000022f50                CMU_LFXOInit
 .text.GPIO_PinModeSet
                0x0000000000022f90       0x8c ./emlib/em_gpio.o
                0x0000000000022f90                GPIO_PinModeSet
 .text.I2C_BusFreqSet.part.0
                0x000000000002301c       0x60 ./emlib/em_i2c.o
 .text.I2C_Init
                0x000000000002307c       0x3c ./emlib/em_i2c.o
                0x000000000002307c                I2C_Init
 .text.RTCC_Init
                0x00000000000230b8       0x48 ./emlib/em_rtcc.o
                0x00000000000230b8                RTCC_Init
 .text.SYSTEM_ChipRevisionGet
                0x0000000000023100       0x34 ./emlib/em_system.o
                0x0000000000023100                SYSTEM_ChipRevisionGet
 .text.USART_BaudrateAsyncSet
                0x0000000000023134       0x68 ./emlib/em_usart.o
                0x0000000000023134                USART_BaudrateAsyncSet
 .text.USART_BaudrateCalc
                0x000000000002319c       0x7c ./emlib/em_usart.o
                0x000000000002319c                USART_BaudrateCalc
 .text.USART_BaudrateGet
                0x0000000000023218       0x24 ./emlib/em_usart.o
                0x0000000000023218                USART_BaudrateGet
 .text.USART_BaudrateSyncSet
                0x000000000002323c       0x3c ./emlib/em_usart.o
                0x000000000002323c                USART_BaudrateSyncSet
 .text.USART_Enable
                0x0000000000023278       0x10 ./emlib/em_usart.o
                0x0000000000023278                USART_Enable
 .text.USART_InitAsync
                0x0000000000023288       0xa4 ./emlib/em_usart.o
                0x0000000000023288                USART_InitAsync
 .text.USART_InitSync
                0x000000000002332c       0xc8 ./emlib/em_usart.o
                0x000000000002332c                USART_InitSync
 .text.USART_Reset
                0x00000000000233f4       0x4c ./emlib/em_usart.o
                0x00000000000233f4                USART_Reset
 .text.USART_Rx
                0x0000000000023440        0xc ./emlib/em_usart.o
                0x0000000000023440                USART_Rx
 .text.USART_SpiTransfer
                0x000000000002344c       0x14 ./emlib/em_usart.o
                0x000000000002344c                USART_SpiTransfer
 .text.USART_Tx
                0x0000000000023460        0xc ./emlib/em_usart.o
                0x0000000000023460                USART_Tx
 .text.MX25_init
                0x000000000002346c       0xa4 ./kit_flashpwr/BRD4302A/mx25flash_spi.o
                0x000000000002346c                MX25_init
 .text.MX25_DP  0x0000000000023510       0x20 ./kit_flashpwr/BRD4302A/mx25flash_spi.o
                0x0000000000023510                MX25_DP
 .text.EMU_enter_DefaultMode_from_RESET
                0x0000000000023530       0x74 ./src/InitDevice.o
                0x0000000000023530                EMU_enter_DefaultMode_from_RESET
 .text.CMU_enter_DefaultMode_from_RESET
                0x00000000000235a4      0x118 ./src/InitDevice.o
                0x00000000000235a4                CMU_enter_DefaultMode_from_RESET
 .text.RTCC_enter_DefaultMode_from_RESET
                0x00000000000236bc       0x44 ./src/InitDevice.o
                0x00000000000236bc                RTCC_enter_DefaultMode_from_RESET
 .text.enter_DefaultMode_from_RESET
                0x0000000000023700       0x98 ./src/InitDevice.o
                0x0000000000023700                enter_DefaultMode_from_RESET
 .text          0x0000000000023798       0x60 /Applications/Simplicity Studio.app/Contents/Eclipse/developer/sdks/gecko_sdk_suite/v1.0//protocol/bluetooth_2.3/lib/EFR32BG1B/GCC/bgapi.a(gecko_bgapi_hardware.c.obj)
                0x00000000000237e0                gecko_bgapi_class_hardware_init
 .text          0x00000000000237f8       0x60 /Applications/Simplicity Studio.app/Contents/Eclipse/developer/sdks/gecko_sdk_suite/v1.0//protocol/bluetooth_2.3/lib/EFR32BG1B/GCC/bgapi.a(gecko_bgapi_test.c.obj)
                0x0000000000023840                gecko_bgapi_class_test_init
 .text          0x0000000000023858       0x60 /Applications/Simplicity Studio.app/Contents/Eclipse/developer/sdks/gecko_sdk_suite/v1.0//protocol/bluetooth_2.3/lib/EFR32BG1B/GCC/bgapi.a(gecko_bgapi_util.c.obj)
                0x00000000000238a0                gecko_bgapi_class_util_init
 .text          0x00000000000238b8       0x60 /Applications/Simplicity Studio.app/Contents/Eclipse/developer/sdks/gecko_sdk_suite/v1.0//protocol/bluetooth_2.3/lib/EFR32BG1B/GCC/bgapi.a(gecko_bgapi_dfu.c.obj)
                0x0000000000023900                gecko_bgapi_class_dfu_init
 .text          0x0000000000023918       0x60 /Applications/Simplicity Studio.app/Contents/Eclipse/developer/sdks/gecko_sdk_suite/v1.0//protocol/bluetooth_2.3/lib/EFR32BG1B/GCC/bgapi.a(gecko_bgapi_gap.c.obj)
                0x0000000000023960                gecko_bgapi_class_le_gap_init
 .text          0x0000000000023978       0x60 /Applications/Simplicity Studio.app/Contents/Eclipse/developer/sdks/gecko_sdk_suite/v1.0//protocol/bluetooth_2.3/lib/EFR32BG1B/GCC/bgapi.a(gecko_bgapi_gatt.c.obj)
                0x00000000000239c0                gecko_bgapi_class_gatt_init
 .text          0x00000000000239d8       0x60 /Applications/Simplicity Studio.app/Contents/Eclipse/developer/sdks/gecko_sdk_suite/v1.0//protocol/bluetooth_2.3/lib/EFR32BG1B/GCC/bgapi.a(gecko_bgapi_gatt_server.c.obj)
                0x0000000000023a20                gecko_bgapi_class_gatt_server_init
 .text          0x0000000000023a38       0x60 /Applications/Simplicity Studio.app/Contents/Eclipse/developer/sdks/gecko_sdk_suite/v1.0//protocol/bluetooth_2.3/lib/EFR32BG1B/GCC/bgapi.a(gecko_bgapi_flash.c.obj)
                0x0000000000023a80                gecko_bgapi_class_flash_init
 .text          0x0000000000023a98       0x60 /Applications/Simplicity Studio.app/Contents/Eclipse/developer/sdks/gecko_sdk_suite/v1.0//protocol/bluetooth_2.3/lib/EFR32BG1B/GCC/bgapi.a(gecko_bgapi_sm.c.obj)
                0x0000000000023ae0                gecko_bgapi_class_sm_init
 .text          0x0000000000023af8       0x60 /Applications/Simplicity Studio.app/Contents/Eclipse/developer/sdks/gecko_sdk_suite/v1.0//protocol/bluetooth_2.3/lib/EFR32BG1B/GCC/bgapi.a(gecko_bgapi_system.c.obj)
                0x0000000000023b40                gecko_bgapi_class_system_init
 .text          0x0000000000023b58       0x60 /Applications/Simplicity Studio.app/Contents/Eclipse/developer/sdks/gecko_sdk_suite/v1.0//protocol/bluetooth_2.3/lib/EFR32BG1B/GCC/bgapi.a(gecko_bgapi_endpoint.c.obj)
                0x0000000000023ba0                gecko_bgapi_class_endpoint_init
 .text          0x0000000000023bb8       0x60 /Applications/Simplicity Studio.app/Contents/Eclipse/developer/sdks/gecko_sdk_suite/v1.0//protocol/bluetooth_2.3/lib/EFR32BG1B/GCC/bgapi.a(gecko_bgapi_le_connection.c.obj)
                0x0000000000023c00                gecko_bgapi_class_le_connection_init
 .text          0x0000000000023c18      0x388 /Applications/Simplicity Studio.app/Contents/Eclipse/developer/sdks/gecko_sdk_suite/v1.0//protocol/bluetooth_2.3/lib/EFR32BG1B/GCC/bgapi.a(bgapi_hardware_lib.c.obj)
                0x0000000000023c18                gecko_cmd_hardware_read_i2c
                0x0000000000023c80                gecko_cmd_hardware_write_i2c
                0x0000000000023cc4                gecko_cmd_hardware_stop_i2c
                0x0000000000023cfc                gecko_cmd_hardware_read_adc
                0x0000000000023d3c                gecko_cmd_hardware_read_adc_channel
                0x0000000000023d6c                gecko_cmd_hardware_config_adc_reference
                0x0000000000023d98                gecko_cmd_hardware_configure_gpio
                0x0000000000023dcc                gecko_cmd_hardware_write_gpio
                0x0000000000023e30                gecko_cmd_hardware_read_gpio
                0x0000000000023e90                gecko_cmd_hardware_set_uart_configuration
                0x0000000000023f08                clock_outputs_init
                0x0000000000023f50                bgapi_hardware_init
 .text          0x0000000000023fa0      0x1d0 /Applications/Simplicity Studio.app/Contents/Eclipse/developer/sdks/gecko_sdk_suite/v1.0//protocol/bluetooth_2.3/lib/EFR32BG1B/GCC/bgapi.a(bgapi_hardware.c.obj)
                0x0000000000023fa0                soft_timer_comparison
                0x0000000000024034                bgapi_hardware_soft_timer_listener
                0x0000000000024074                lib_hardware_handler_init
                0x0000000000024088                gecko_cmd_hardware_set_soft_timer
                0x00000000000240c8                gecko_cmd_hardware_set_lazy_soft_timer
                0x0000000000024108                gecko_cmd_hardware_get_time
                0x000000000002413c                gecko_cmd_hardware_enable_dcdc
 .text          0x0000000000024170      0x200 /Applications/Simplicity Studio.app/Contents/Eclipse/developer/sdks/gecko_sdk_suite/v1.0//protocol/bluetooth_2.3/lib/EFR32BG1B/GCC/bgapi.a(bgapi_test_lib.c.obj)
                0x0000000000024170                lib_test_handler_init
                0x0000000000024172                disable_interrupts
                0x0000000000024196                gecko_cmd_test_dtm_tx
                0x00000000000241c8                gecko_cmd_test_dtm_rx
                0x00000000000241f8                gecko_cmd_test_dtm_end
                0x0000000000024224                gecko_cmd_test_debug_command
                0x00000000000242f4                gecko_cmd_test_debug_counter
 .text          0x0000000000024370      0x158 /Applications/Simplicity Studio.app/Contents/Eclipse/developer/sdks/gecko_sdk_suite/v1.0//protocol/bluetooth_2.3/lib/EFR32BG1B/GCC/bgapi.a(bgapi_util.c.obj)
                0x00000000000243a8                lib_util_handler_init
                0x00000000000243aa                gecko_cmd_util_atoi
                0x0000000000024400                gecko_cmd_util_itoa
 .text          0x00000000000244c8       0x8c /Applications/Simplicity Studio.app/Contents/Eclipse/developer/sdks/gecko_sdk_suite/v1.0//protocol/bluetooth_2.3/lib/EFR32BG1B/GCC/bgapi.a(bgapi_dfu.c.obj)
                0x00000000000244c8                lib_dfu_handler_init
                0x00000000000244ca                gecko_cmd_dfu_reset
                0x00000000000244d0                gecko_cmd_dfu_flash_set_address
                0x00000000000244fc                gecko_cmd_dfu_flash_upload
                0x0000000000024528                gecko_cmd_dfu_flash_upload_finish
 .text          0x0000000000024554      0x308 /Applications/Simplicity Studio.app/Contents/Eclipse/developer/sdks/gecko_sdk_suite/v1.0//protocol/bluetooth_2.3/lib/EFR32BG1B/GCC/bgapi.a(bgapi_gap.c.obj)
                0x0000000000024554                lib_le_gap_handler_init
                0x0000000000024556                gecko_cmd_le_gap_set_mode
                0x000000000002459c                gecko_cmd_le_gap_bt5_set_mode
                0x00000000000245dc                gecko_cmd_le_gap_set_adv_data
                0x0000000000024610                gecko_cmd_le_gap_bt5_set_adv_data
                0x0000000000024644                gecko_cmd_le_gap_set_adv_timeout
                0x0000000000024698                gecko_cmd_le_gap_open
                0x0000000000024700                gecko_cmd_le_gap_discover
                0x000000000002472c                gecko_cmd_le_gap_end_procedure
                0x0000000000024758                gecko_cmd_le_gap_set_adv_parameters
                0x000000000002478c                gecko_cmd_le_gap_bt5_set_adv_parameters
                0x00000000000247c8                gecko_cmd_le_gap_set_scan_parameters
                0x00000000000247f8                gecko_cmd_le_gap_set_conn_parameters
                0x0000000000024830                gecko_cmd_le_gap_set_phy
 .text          0x000000000002485c      0x644 /Applications/Simplicity Studio.app/Contents/Eclipse/developer/sdks/gecko_sdk_suite/v1.0//protocol/bluetooth_2.3/lib/EFR32BG1B/GCC/bgapi.a(bgapi_gatt_lib.c.obj)
                0x000000000002485c                lib_gatt_handler_init
                0x000000000002485e                lib_gatt_server_handler_init
                0x0000000000024860                gecko_cmd_gatt_set_max_mtu
                0x000000000002489c                gecko_cmd_gatt_discover_primary_services
                0x00000000000248cc                gecko_cmd_gatt_discover_primary_services_by_uuid
                0x0000000000024908                gecko_cmd_gatt_find_included_services
                0x000000000002493c                gecko_cmd_gatt_discover_characteristics
                0x0000000000024970                gecko_cmd_gatt_discover_characteristics_by_uuid
                0x00000000000249b0                gecko_cmd_gatt_read_characteristic_value
                0x00000000000249e8                gecko_cmd_gatt_read_characteristic_value_from_offset
                0x0000000000024a24                gecko_cmd_gatt_read_characteristic_value_by_uuid
                0x0000000000024a64                gecko_cmd_gatt_read_multiple_characteristic_values
                0x0000000000024a98                gecko_cmd_gatt_write_characteristic_value
                0x0000000000024ad0                gecko_cmd_gatt_write_characteristic_value_without_response
                0x0000000000024b14                gecko_cmd_gatt_prepare_characteristic_value_write
                0x0000000000024b64                gecko_cmd_gatt_execute_characteristic_value_write
                0x0000000000024b98                gecko_cmd_gatt_set_characteristic_notification
                0x0000000000024bd0                gecko_cmd_gatt_discover_descriptors
                0x0000000000024c04                gecko_cmd_gatt_read_descriptor_value
                0x0000000000024c38                gecko_cmd_gatt_write_descriptor_value
                0x0000000000024c70                gecko_cmd_gatt_server_read_attribute_value
                0x0000000000024cb8                gecko_cmd_gatt_server_read_attribute_type
                0x0000000000024cfc                gecko_cmd_gatt_server_find_attribute
                0x0000000000024d38                gecko_cmd_gatt_server_write_attribute_value
                0x0000000000024d6c                gecko_cmd_gatt_server_send_user_read_response
                0x0000000000024dbc                gecko_cmd_gatt_server_send_user_write_response
                0x0000000000024df4                gecko_cmd_gatt_server_send_characteristic_notification
                0x0000000000024e40                gecko_cmd_gatt_send_characteristic_confirmation
                0x0000000000024e70                gecko_cmd_gatt_server_set_database
 .text          0x0000000000024ea0      0x17c /Applications/Simplicity Studio.app/Contents/Eclipse/developer/sdks/gecko_sdk_suite/v1.0//protocol/bluetooth_2.3/lib/EFR32BG1B/GCC/bgapi.a(bgapi_ps.c.obj)
                0x0000000000024ea0                lib_flash_handler_init
                0x0000000000024ea2                gecko_cmd_flash_ps_dump
                0x0000000000024f38                gecko_cmd_flash_ps_erase_all
                0x0000000000024f68                gecko_cmd_flash_ps_save
                0x0000000000024fa4                gecko_cmd_flash_ps_load
                0x0000000000024fe8                gecko_cmd_flash_ps_erase
 .text          0x000000000002501c      0x3cc /Applications/Simplicity Studio.app/Contents/Eclipse/developer/sdks/gecko_sdk_suite/v1.0//protocol/bluetooth_2.3/lib/EFR32BG1B/GCC/bgapi.a(bgapi_sm.c.obj)
                0x00000000000250e4                lib_sm_handler_init
                0x00000000000250f8                gecko_cmd_sm_list_all_bondings
                0x0000000000025130                gecko_cmd_sm_increase_security
                0x0000000000025160                gecko_cmd_sm_set_bondable_mode
                0x000000000002518c                gecko_cmd_sm_delete_bonding
                0x00000000000251bc                gecko_cmd_sm_delete_bondings
                0x00000000000251ec                gecko_cmd_sm_configure
                0x000000000002521c                gecko_cmd_sm_enter_passkey
                0x0000000000025250                gecko_cmd_sm_set_passkey
                0x000000000002527c                gecko_cmd_sm_passkey_confirm
                0x00000000000252b0                gecko_cmd_sm_set_oob_data
                0x00000000000252e0                gecko_cmd_sm_set_sc_remote_oob_data
                0x0000000000025310                gecko_cmd_sm_use_sc_oob
                0x0000000000025350                gecko_cmd_sm_store_bonding_configuration
                0x0000000000025384                gecko_cmd_sm_bonding_confirm
                0x00000000000253b8                gecko_cmd_sm_set_debug_mode
 .text          0x00000000000253e8      0x114 /Applications/Simplicity Studio.app/Contents/Eclipse/developer/sdks/gecko_sdk_suite/v1.0//protocol/bluetooth_2.3/lib/EFR32BG1B/GCC/bgapi.a(bgapi_system.c.obj)
                0x00000000000253e8                lib_system_handler_init
                0x00000000000253ea                gecko_cmd_system_get_bt_address
                0x0000000000025420                gecko_cmd_system_get_random_data
                0x0000000000025468                gecko_cmd_system_halt
                0x000000000002549c                gecko_cmd_system_set_tx_power
                0x00000000000254cc                gecko_cmd_system_hello
                0x00000000000254f4                gecko_cmd_system_reset
 .text          0x00000000000254fc      0x1ac /Applications/Simplicity Studio.app/Contents/Eclipse/developer/sdks/gecko_sdk_suite/v1.0//protocol/bluetooth_2.3/lib/EFR32BG1B/GCC/bgapi.a(bgapi_endpoint.c.obj)
                0x00000000000254fc                lib_endpoint_handler_init
                0x00000000000254fe                gecko_cmd_endpoint_send
                0x00000000000255a8                gecko_cmd_endpoint_set_streaming_destination
                0x0000000000025600                gecko_cmd_endpoint_close
                0x000000000002565c                gecko_cmd_endpoint_set_flags
                0x000000000002565e                gecko_cmd_endpoint_clr_flags
                0x0000000000025660                gecko_cmd_endpoint_read_counters
 .text          0x00000000000256a8      0x104 /Applications/Simplicity Studio.app/Contents/Eclipse/developer/sdks/gecko_sdk_suite/v1.0//protocol/bluetooth_2.3/lib/EFR32BG1B/GCC/bgapi.a(bgapi_le_connection.c.obj)
                0x00000000000256a8                lib_le_connection_handler_init
                0x00000000000256aa                gecko_cmd_le_connection_set_parameters
                0x00000000000256f8                gecko_cmd_le_connection_get_rssi
                0x0000000000025728                gecko_cmd_le_connection_disable_slave_latency
                0x0000000000025770                gecko_cmd_le_connection_set_phy
 .text          0x00000000000257ac      0x220 /Applications/Simplicity Studio.app/Contents/Eclipse/developer/sdks/gecko_sdk_suite/v1.0//protocol/bluetooth_2.3/lib/EFR32BG1B/GCC/bgapi.a(uart_endpoint.c.obj)
                0x000000000002580c                uart_output_available
                0x0000000000025810                uart_transparent_input
                0x000000000002584e                uart_endpoint_func
                0x0000000000025902                uart_change_flags
                0x0000000000025910                init_uart_endpoints
 .text          0x00000000000259cc      0x17c /Applications/Simplicity Studio.app/Contents/Eclipse/developer/sdks/gecko_sdk_suite/v1.0//protocol/bluetooth_2.3/lib/EFR32BG1B/GCC/bgapi.a(bgapi_endpoint.c.obj)
                0x0000000000025af8                init_bgapi_endpoints
 .text          0x0000000000025b48       0xc8 /Applications/Simplicity Studio.app/Contents/Eclipse/developer/sdks/gecko_sdk_suite/v1.0//protocol/bluetooth_2.3/lib/EFR32BG1B/GCC/bgapi.a(adc.c.obj)
                0x0000000000025b48                adc_read_channel
                0x0000000000025b78                adc_read_port
                0x0000000000025b88                adc_config_reference
                0x0000000000025bbc                adc_init
 .text          0x0000000000025c10      0x160 /Applications/Simplicity Studio.app/Contents/Eclipse/developer/sdks/gecko_sdk_suite/v1.0//protocol/bluetooth_2.3/lib/EFR32BG1B/GCC/bgapi.a(gpio.c.obj)
                0x0000000000025c88                gpio_location_to_port
                0x0000000000025c98                gpio_location_to_pin_index
                0x0000000000025cac                gpios_init
 .text          0x0000000000025d70      0x218 /Applications/Simplicity Studio.app/Contents/Eclipse/developer/sdks/gecko_sdk_suite/v1.0//protocol/bluetooth_2.3/lib/EFR32BG1B/GCC/bgapi.a(i2c.c.obj)
                0x0000000000025d70                i2c_init
                0x0000000000025dfc                i2c_stop
                0x0000000000025e1c                i2c_reset
                0x0000000000025e3c                i2c_read
                0x0000000000025ee8                i2c_write
 .text          0x0000000000025f88      0x160 /Applications/Simplicity Studio.app/Contents/Eclipse/developer/sdks/gecko_sdk_suite/v1.0//protocol/bluetooth_2.3/lib/EFR32BG1B/GCC/bgapi.a(sleep_signal.c.obj)
                0x0000000000025fb8                sleep_signal_init
                0x0000000000026018                sleep_signal_update
                0x0000000000026084                host_wakeup_signal_init
                0x00000000000260c0                host_wakeup_signal_update
 .text          0x00000000000260e8      0x89c /Applications/Simplicity Studio.app/Contents/Eclipse/developer/sdks/gecko_sdk_suite/v1.0//protocol/bluetooth_2.3/lib/EFR32BG1B/GCC/bgapi.a(uart.c.obj)
                0x00000000000260e8                LEUART0_IRQGeckoHandler
                0x00000000000260ea                USART1_TX_IRQGeckoHandler
                0x0000000000026214                USART0_TX_IRQGeckoHandler
                0x00000000000263c4                USART1_RX_IRQGeckoHandler
                0x00000000000263d0                USART0_RX_IRQGeckoHandler
                0x00000000000263f0                uart_update
                0x0000000000026408                uart_configure
                0x00000000000264dc                uart_event_register
                0x00000000000264ec                uarts_init
                0x0000000000026870                uart_get_flags
                0x0000000000026880                uart_write_bgbuf
                0x00000000000268c0                uart_read_bgbuf
                0x0000000000026948                uart_sleep
 .text          0x0000000000026984       0x30 /Applications/Simplicity Studio.app/Contents/Eclipse/developer/toolchains/gnu_arm/4.9_2015q3/bin/../lib/gcc/arm-none-eabi/4.9.3/armv7e-m/softfp/libgcc.a(_aeabi_uldivmod.o)
                0x0000000000026984                __aeabi_uldivmod
 .text          0x00000000000269b4       0x60 /Applications/Simplicity Studio.app/Contents/Eclipse/developer/toolchains/gnu_arm/4.9_2015q3/bin/../lib/gcc/arm-none-eabi/4.9.3/armv7e-m/softfp/libgcc.a(bpabi.o)
                0x00000000000269b4                __gnu_ldivmod_helper
                0x00000000000269e4                __gnu_uldivmod_helper
 .text          0x0000000000026a14        0x4 /Applications/Simplicity Studio.app/Contents/Eclipse/developer/toolchains/gnu_arm/4.9_2015q3/bin/../lib/gcc/arm-none-eabi/4.9.3/armv7e-m/softfp/libgcc.a(_dvmd_tls.o)
                0x0000000000026a14                __aeabi_ldiv0
                0x0000000000026a14                __aeabi_idiv0
 .text          0x0000000000026a18      0x29c /Applications/Simplicity Studio.app/Contents/Eclipse/developer/toolchains/gnu_arm/4.9_2015q3/bin/../lib/gcc/arm-none-eabi/4.9.3/armv7e-m/softfp/libgcc.a(_divdi3.o)
                0x0000000000026a18                __divdi3
 .text          0x0000000000026cb4      0x26c /Applications/Simplicity Studio.app/Contents/Eclipse/developer/toolchains/gnu_arm/4.9_2015q3/bin/../lib/gcc/arm-none-eabi/4.9.3/armv7e-m/softfp/libgcc.a(_udivdi3.o)
                0x0000000000026cb4                __udivdi3
 .text.exit     0x0000000000026f20       0x20 /Applications/Simplicity Studio.app/Contents/Eclipse/developer/toolchains/gnu_arm/4.9_2015q3/bin/../lib/gcc/arm-none-eabi/4.9.3/../../../../arm-none-eabi/lib/armv7e-m/softfp/libc.a(lib_a-exit.o)
                0x0000000000026f20                exit
 .text.fileno   0x0000000000026f40       0x34 /Applications/Simplicity Studio.app/Contents/Eclipse/developer/toolchains/gnu_arm/4.9_2015q3/bin/../lib/gcc/arm-none-eabi/4.9.3/../../../../arm-none-eabi/lib/armv7e-m/softfp/libc.a(lib_a-fileno.o)
                0x0000000000026f40                fileno
 .text._cleanup_r
                0x0000000000026f74        0xc /Applications/Simplicity Studio.app/Contents/Eclipse/developer/toolchains/gnu_arm/4.9_2015q3/bin/../lib/gcc/arm-none-eabi/4.9.3/../../../../arm-none-eabi/lib/armv7e-m/softfp/libc.a(lib_a-findfp.o)
                0x0000000000026f74                _cleanup_r
 .text.__sinit.part.1
                0x0000000000026f80       0xf0 /Applications/Simplicity Studio.app/Contents/Eclipse/developer/toolchains/gnu_arm/4.9_2015q3/bin/../lib/gcc/arm-none-eabi/4.9.3/../../../../arm-none-eabi/lib/armv7e-m/softfp/libc.a(lib_a-findfp.o)
 .text.__sinit  0x0000000000027070        0xc /Applications/Simplicity Studio.app/Contents/Eclipse/developer/toolchains/gnu_arm/4.9_2015q3/bin/../lib/gcc/arm-none-eabi/4.9.3/../../../../arm-none-eabi/lib/armv7e-m/softfp/libc.a(lib_a-findfp.o)
                0x0000000000027070                __sinit
 .text.__sfp_lock_acquire
                0x000000000002707c        0x4 /Applications/Simplicity Studio.app/Contents/Eclipse/developer/toolchains/gnu_arm/4.9_2015q3/bin/../lib/gcc/arm-none-eabi/4.9.3/../../../../arm-none-eabi/lib/armv7e-m/softfp/libc.a(lib_a-findfp.o)
                0x000000000002707c                __sfp_lock_acquire
 .text.__sfp_lock_release
                0x0000000000027080        0x4 /Applications/Simplicity Studio.app/Contents/Eclipse/developer/toolchains/gnu_arm/4.9_2015q3/bin/../lib/gcc/arm-none-eabi/4.9.3/../../../../arm-none-eabi/lib/armv7e-m/softfp/libc.a(lib_a-findfp.o)
                0x0000000000027080                __sfp_lock_release
 .text._fwalk_reent
                0x0000000000027084       0x54 /Applications/Simplicity Studio.app/Contents/Eclipse/developer/toolchains/gnu_arm/4.9_2015q3/bin/../lib/gcc/arm-none-eabi/4.9.3/../../../../arm-none-eabi/lib/armv7e-m/softfp/libc.a(lib_a-fwalk.o)
                0x0000000000027084                _fwalk_reent
 .text.__libc_init_array
                0x00000000000270d8       0x50 /Applications/Simplicity Studio.app/Contents/Eclipse/developer/toolchains/gnu_arm/4.9_2015q3/bin/../lib/gcc/arm-none-eabi/4.9.3/../../../../arm-none-eabi/lib/armv7e-m/softfp/libc.a(lib_a-init.o)
                0x00000000000270d8                __libc_init_array
 .text._malloc_r
                0x0000000000027128      0x524 /Applications/Simplicity Studio.app/Contents/Eclipse/developer/toolchains/gnu_arm/4.9_2015q3/bin/../lib/gcc/arm-none-eabi/4.9.3/../../../../arm-none-eabi/lib/armv7e-m/softfp/libc.a(lib_a-mallocr.o)
                0x0000000000027128                _malloc_r
 .text.memcmp   0x000000000002764c       0x64 /Applications/Simplicity Studio.app/Contents/Eclipse/developer/toolchains/gnu_arm/4.9_2015q3/bin/../lib/gcc/arm-none-eabi/4.9.3/../../../../arm-none-eabi/lib/armv7e-m/softfp/libc.a(lib_a-memcmp.o)
                0x000000000002764c                memcmp
 .text          0x00000000000276b0      0x134 /Applications/Simplicity Studio.app/Contents/Eclipse/developer/toolchains/gnu_arm/4.9_2015q3/bin/../lib/gcc/arm-none-eabi/4.9.3/../../../../arm-none-eabi/lib/armv7e-m/softfp/libc.a(lib_a-memcpy.o)
                0x00000000000276b0                memcpy
 .text.memset   0x00000000000277e4       0x9c /Applications/Simplicity Studio.app/Contents/Eclipse/developer/toolchains/gnu_arm/4.9_2015q3/bin/../lib/gcc/arm-none-eabi/4.9.3/../../../../arm-none-eabi/lib/armv7e-m/softfp/libc.a(lib_a-memset.o)
                0x00000000000277e4                memset
 .text.__malloc_lock
                0x0000000000027880        0x4 /Applications/Simplicity Studio.app/Contents/Eclipse/developer/toolchains/gnu_arm/4.9_2015q3/bin/../lib/gcc/arm-none-eabi/4.9.3/../../../../arm-none-eabi/lib/armv7e-m/softfp/libc.a(lib_a-mlock.o)
                0x0000000000027880                __malloc_lock
 .text.__malloc_unlock
                0x0000000000027884        0x4 /Applications/Simplicity Studio.app/Contents/Eclipse/developer/toolchains/gnu_arm/4.9_2015q3/bin/../lib/gcc/arm-none-eabi/4.9.3/../../../../arm-none-eabi/lib/armv7e-m/softfp/libc.a(lib_a-mlock.o)
                0x0000000000027884                __malloc_unlock
 .text.printf   0x0000000000027888       0x28 /Applications/Simplicity Studio.app/Contents/Eclipse/developer/toolchains/gnu_arm/4.9_2015q3/bin/../lib/gcc/arm-none-eabi/4.9.3/../../../../arm-none-eabi/lib/armv7e-m/softfp/libc.a(lib_a-printf.o)
                0x0000000000027888                printf
 .text._puts_r  0x00000000000278b0       0x64 /Applications/Simplicity Studio.app/Contents/Eclipse/developer/toolchains/gnu_arm/4.9_2015q3/bin/../lib/gcc/arm-none-eabi/4.9.3/../../../../arm-none-eabi/lib/armv7e-m/softfp/libc.a(lib_a-puts.o)
                0x00000000000278b0                _puts_r
 .text.puts     0x0000000000027914       0x10 /Applications/Simplicity Studio.app/Contents/Eclipse/developer/toolchains/gnu_arm/4.9_2015q3/bin/../lib/gcc/arm-none-eabi/4.9.3/../../../../arm-none-eabi/lib/armv7e-m/softfp/libc.a(lib_a-puts.o)
                0x0000000000027914                puts
 .text._sbrk_r  0x0000000000027924       0x24 /Applications/Simplicity Studio.app/Contents/Eclipse/developer/toolchains/gnu_arm/4.9_2015q3/bin/../lib/gcc/arm-none-eabi/4.9.3/../../../../arm-none-eabi/lib/armv7e-m/softfp/libc.a(lib_a-sbrkr.o)
                0x0000000000027924                _sbrk_r
 .text.setvbuf  0x0000000000027948       0xf8 /Applications/Simplicity Studio.app/Contents/Eclipse/developer/toolchains/gnu_arm/4.9_2015q3/bin/../lib/gcc/arm-none-eabi/4.9.3/../../../../arm-none-eabi/lib/armv7e-m/softfp/libc.a(lib_a-setvbuf.o)
                0x0000000000027948                setvbuf
 .text.__sread  0x0000000000027a40       0x24 /Applications/Simplicity Studio.app/Contents/Eclipse/developer/toolchains/gnu_arm/4.9_2015q3/bin/../lib/gcc/arm-none-eabi/4.9.3/../../../../arm-none-eabi/lib/armv7e-m/softfp/libc.a(lib_a-stdio.o)
                0x0000000000027a40                __sread
 .text.__swrite
                0x0000000000027a64       0x38 /Applications/Simplicity Studio.app/Contents/Eclipse/developer/toolchains/gnu_arm/4.9_2015q3/bin/../lib/gcc/arm-none-eabi/4.9.3/../../../../arm-none-eabi/lib/armv7e-m/softfp/libc.a(lib_a-stdio.o)
                0x0000000000027a64                __swrite
 .text.__sseek  0x0000000000027a9c       0x20 /Applications/Simplicity Studio.app/Contents/Eclipse/developer/toolchains/gnu_arm/4.9_2015q3/bin/../lib/gcc/arm-none-eabi/4.9.3/../../../../arm-none-eabi/lib/armv7e-m/softfp/libc.a(lib_a-stdio.o)
                0x0000000000027a9c                __sseek
 .text.__sclose
                0x0000000000027abc        0x8 /Applications/Simplicity Studio.app/Contents/Eclipse/developer/toolchains/gnu_arm/4.9_2015q3/bin/../lib/gcc/arm-none-eabi/4.9.3/../../../../arm-none-eabi/lib/armv7e-m/softfp/libc.a(lib_a-stdio.o)
                0x0000000000027abc                __sclose
 .text.strlen   0x0000000000027ac4       0x5c /Applications/Simplicity Studio.app/Contents/Eclipse/developer/toolchains/gnu_arm/4.9_2015q3/bin/../lib/gcc/arm-none-eabi/4.9.3/../../../../arm-none-eabi/lib/armv7e-m/softfp/libc.a(lib_a-strlen.o)
                0x0000000000027ac4                strlen
 .text._vfprintf_r
                0x0000000000027b20     0x1428 /Applications/Simplicity Studio.app/Contents/Eclipse/developer/toolchains/gnu_arm/4.9_2015q3/bin/../lib/gcc/arm-none-eabi/4.9.3/../../../../arm-none-eabi/lib/armv7e-m/softfp/libc.a(lib_a-vfprintf.o)
                0x0000000000027b20                _vfprintf_r
 .text.__sbprintf
                0x0000000000028f48       0x78 /Applications/Simplicity Studio.app/Contents/Eclipse/developer/toolchains/gnu_arm/4.9_2015q3/bin/../lib/gcc/arm-none-eabi/4.9.3/../../../../arm-none-eabi/lib/armv7e-m/softfp/libc.a(lib_a-vfprintf.o)
 .text._write_r
                0x0000000000028fc0       0x28 /Applications/Simplicity Studio.app/Contents/Eclipse/developer/toolchains/gnu_arm/4.9_2015q3/bin/../lib/gcc/arm-none-eabi/4.9.3/../../../../arm-none-eabi/lib/armv7e-m/softfp/libc.a(lib_a-writer.o)
                0x0000000000028fc0                _write_r
 .text.__swsetup_r
                0x0000000000028fe8       0xc4 /Applications/Simplicity Studio.app/Contents/Eclipse/developer/toolchains/gnu_arm/4.9_2015q3/bin/../lib/gcc/arm-none-eabi/4.9.3/../../../../arm-none-eabi/lib/armv7e-m/softfp/libc.a(lib_a-wsetup.o)
                0x0000000000028fe8                __swsetup_r
 .text.startup.register_fini
                0x00000000000290ac       0x14 /Applications/Simplicity Studio.app/Contents/Eclipse/developer/toolchains/gnu_arm/4.9_2015q3/bin/../lib/gcc/arm-none-eabi/4.9.3/../../../../arm-none-eabi/lib/armv7e-m/softfp/libc.a(lib_a-__call_atexit.o)
 .text.__call_exitprocs
                0x00000000000290c0       0xd4 /Applications/Simplicity Studio.app/Contents/Eclipse/developer/toolchains/gnu_arm/4.9_2015q3/bin/../lib/gcc/arm-none-eabi/4.9.3/../../../../arm-none-eabi/lib/armv7e-m/softfp/libc.a(lib_a-__call_atexit.o)
                0x00000000000290c0                __call_exitprocs
 .text.atexit   0x0000000000029194        0xc /Applications/Simplicity Studio.app/Contents/Eclipse/developer/toolchains/gnu_arm/4.9_2015q3/bin/../lib/gcc/arm-none-eabi/4.9.3/../../../../arm-none-eabi/lib/armv7e-m/softfp/libc.a(lib_a-atexit.o)
                0x0000000000029194                atexit
 .text._close_r
                0x00000000000291a0       0x24 /Applications/Simplicity Studio.app/Contents/Eclipse/developer/toolchains/gnu_arm/4.9_2015q3/bin/../lib/gcc/arm-none-eabi/4.9.3/../../../../arm-none-eabi/lib/armv7e-m/softfp/libc.a(lib_a-closer.o)
                0x00000000000291a0                _close_r
 .text.quorem   0x00000000000291c4      0x12c /Applications/Simplicity Studio.app/Contents/Eclipse/developer/toolchains/gnu_arm/4.9_2015q3/bin/../lib/gcc/arm-none-eabi/4.9.3/../../../../arm-none-eabi/lib/armv7e-m/softfp/libc.a(lib_a-dtoa.o)
 .text._dtoa_r  0x00000000000292f0      0xe90 /Applications/Simplicity Studio.app/Contents/Eclipse/developer/toolchains/gnu_arm/4.9_2015q3/bin/../lib/gcc/arm-none-eabi/4.9.3/../../../../arm-none-eabi/lib/armv7e-m/softfp/libc.a(lib_a-dtoa.o)
                0x00000000000292f0                _dtoa_r
 .text._fclose_r
                0x000000000002a180       0x84 /Applications/Simplicity Studio.app/Contents/Eclipse/developer/toolchains/gnu_arm/4.9_2015q3/bin/../lib/gcc/arm-none-eabi/4.9.3/../../../../arm-none-eabi/lib/armv7e-m/softfp/libc.a(lib_a-fclose.o)
                0x000000000002a180                _fclose_r
 .text.__sflush_r
                0x000000000002a204      0x154 /Applications/Simplicity Studio.app/Contents/Eclipse/developer/toolchains/gnu_arm/4.9_2015q3/bin/../lib/gcc/arm-none-eabi/4.9.3/../../../../arm-none-eabi/lib/armv7e-m/softfp/libc.a(lib_a-fflush.o)
                0x000000000002a204                __sflush_r
 .text._fflush_r
                0x000000000002a358       0x2c /Applications/Simplicity Studio.app/Contents/Eclipse/developer/toolchains/gnu_arm/4.9_2015q3/bin/../lib/gcc/arm-none-eabi/4.9.3/../../../../arm-none-eabi/lib/armv7e-m/softfp/libc.a(lib_a-fflush.o)
                0x000000000002a358                _fflush_r
 .text.__libc_fini_array
                0x000000000002a384       0x2c /Applications/Simplicity Studio.app/Contents/Eclipse/developer/toolchains/gnu_arm/4.9_2015q3/bin/../lib/gcc/arm-none-eabi/4.9.3/../../../../arm-none-eabi/lib/armv7e-m/softfp/libc.a(lib_a-fini.o)
                0x000000000002a384                __libc_fini_array
 .text._malloc_trim_r
                0x000000000002a3b0       0x9c /Applications/Simplicity Studio.app/Contents/Eclipse/developer/toolchains/gnu_arm/4.9_2015q3/bin/../lib/gcc/arm-none-eabi/4.9.3/../../../../arm-none-eabi/lib/armv7e-m/softfp/libc.a(lib_a-freer.o)
                0x000000000002a3b0                _malloc_trim_r
 .text._free_r  0x000000000002a44c      0x1b0 /Applications/Simplicity Studio.app/Contents/Eclipse/developer/toolchains/gnu_arm/4.9_2015q3/bin/../lib/gcc/arm-none-eabi/4.9.3/../../../../arm-none-eabi/lib/armv7e-m/softfp/libc.a(lib_a-freer.o)
                0x000000000002a44c                _free_r
 .text.__sfvwrite_r
                0x000000000002a5fc      0x318 /Applications/Simplicity Studio.app/Contents/Eclipse/developer/toolchains/gnu_arm/4.9_2015q3/bin/../lib/gcc/arm-none-eabi/4.9.3/../../../../arm-none-eabi/lib/armv7e-m/softfp/libc.a(lib_a-fvwrite.o)
                0x000000000002a5fc                __sfvwrite_r
 .text.__locale_charset
                0x000000000002a914        0x8 /Applications/Simplicity Studio.app/Contents/Eclipse/developer/toolchains/gnu_arm/4.9_2015q3/bin/../lib/gcc/arm-none-eabi/4.9.3/../../../../arm-none-eabi/lib/armv7e-m/softfp/libc.a(lib_a-locale.o)
                0x000000000002a914                __locale_charset
 .text.__locale_mb_cur_max
                0x000000000002a91c        0xc /Applications/Simplicity Studio.app/Contents/Eclipse/developer/toolchains/gnu_arm/4.9_2015q3/bin/../lib/gcc/arm-none-eabi/4.9.3/../../../../arm-none-eabi/lib/armv7e-m/softfp/libc.a(lib_a-locale.o)
                0x000000000002a91c                __locale_mb_cur_max
 .text._localeconv_r
                0x000000000002a928        0x8 /Applications/Simplicity Studio.app/Contents/Eclipse/developer/toolchains/gnu_arm/4.9_2015q3/bin/../lib/gcc/arm-none-eabi/4.9.3/../../../../arm-none-eabi/lib/armv7e-m/softfp/libc.a(lib_a-locale.o)
                0x000000000002a928                _localeconv_r
 .text._lseek_r
                0x000000000002a930       0x28 /Applications/Simplicity Studio.app/Contents/Eclipse/developer/toolchains/gnu_arm/4.9_2015q3/bin/../lib/gcc/arm-none-eabi/4.9.3/../../../../arm-none-eabi/lib/armv7e-m/softfp/libc.a(lib_a-lseekr.o)
                0x000000000002a930                _lseek_r
 .text.__smakebuf_r
                0x000000000002a958       0xe0 /Applications/Simplicity Studio.app/Contents/Eclipse/developer/toolchains/gnu_arm/4.9_2015q3/bin/../lib/gcc/arm-none-eabi/4.9.3/../../../../arm-none-eabi/lib/armv7e-m/softfp/libc.a(lib_a-makebuf.o)
                0x000000000002a958                __smakebuf_r
 .text.malloc   0x000000000002aa38       0x10 /Applications/Simplicity Studio.app/Contents/Eclipse/developer/toolchains/gnu_arm/4.9_2015q3/bin/../lib/gcc/arm-none-eabi/4.9.3/../../../../arm-none-eabi/lib/armv7e-m/softfp/libc.a(lib_a-malloc.o)
                0x000000000002aa38                malloc
 .text.free     0x000000000002aa48       0x10 /Applications/Simplicity Studio.app/Contents/Eclipse/developer/toolchains/gnu_arm/4.9_2015q3/bin/../lib/gcc/arm-none-eabi/4.9.3/../../../../arm-none-eabi/lib/armv7e-m/softfp/libc.a(lib_a-malloc.o)
                0x000000000002aa48                free
 .text.memchr   0x000000000002aa58       0x94 /Applications/Simplicity Studio.app/Contents/Eclipse/developer/toolchains/gnu_arm/4.9_2015q3/bin/../lib/gcc/arm-none-eabi/4.9.3/../../../../arm-none-eabi/lib/armv7e-m/softfp/libc.a(lib_a-memchr.o)
                0x000000000002aa58                memchr
 .text.memmove  0x000000000002aaec       0xc8 /Applications/Simplicity Studio.app/Contents/Eclipse/developer/toolchains/gnu_arm/4.9_2015q3/bin/../lib/gcc/arm-none-eabi/4.9.3/../../../../arm-none-eabi/lib/armv7e-m/softfp/libc.a(lib_a-memmove.o)
                0x000000000002aaec                memmove
 .text._Balloc  0x000000000002abb4       0x4c /Applications/Simplicity Studio.app/Contents/Eclipse/developer/toolchains/gnu_arm/4.9_2015q3/bin/../lib/gcc/arm-none-eabi/4.9.3/../../../../arm-none-eabi/lib/armv7e-m/softfp/libc.a(lib_a-mprec.o)
                0x000000000002abb4                _Balloc
 .text._Bfree   0x000000000002ac00       0x14 /Applications/Simplicity Studio.app/Contents/Eclipse/developer/toolchains/gnu_arm/4.9_2015q3/bin/../lib/gcc/arm-none-eabi/4.9.3/../../../../arm-none-eabi/lib/armv7e-m/softfp/libc.a(lib_a-mprec.o)
                0x000000000002ac00                _Bfree
 .text.__multadd
                0x000000000002ac14       0x84 /Applications/Simplicity Studio.app/Contents/Eclipse/developer/toolchains/gnu_arm/4.9_2015q3/bin/../lib/gcc/arm-none-eabi/4.9.3/../../../../arm-none-eabi/lib/armv7e-m/softfp/libc.a(lib_a-mprec.o)
                0x000000000002ac14                __multadd
 .text.__hi0bits
                0x000000000002ac98       0x40 /Applications/Simplicity Studio.app/Contents/Eclipse/developer/toolchains/gnu_arm/4.9_2015q3/bin/../lib/gcc/arm-none-eabi/4.9.3/../../../../arm-none-eabi/lib/armv7e-m/softfp/libc.a(lib_a-mprec.o)
                0x000000000002ac98                __hi0bits
 .text.__lo0bits
                0x000000000002acd8       0x5c /Applications/Simplicity Studio.app/Contents/Eclipse/developer/toolchains/gnu_arm/4.9_2015q3/bin/../lib/gcc/arm-none-eabi/4.9.3/../../../../arm-none-eabi/lib/armv7e-m/softfp/libc.a(lib_a-mprec.o)
                0x000000000002acd8                __lo0bits
 .text.__i2b    0x000000000002ad34       0x14 /Applications/Simplicity Studio.app/Contents/Eclipse/developer/toolchains/gnu_arm/4.9_2015q3/bin/../lib/gcc/arm-none-eabi/4.9.3/../../../../arm-none-eabi/lib/armv7e-m/softfp/libc.a(lib_a-mprec.o)
                0x000000000002ad34                __i2b
 .text.__multiply
                0x000000000002ad48      0x134 /Applications/Simplicity Studio.app/Contents/Eclipse/developer/toolchains/gnu_arm/4.9_2015q3/bin/../lib/gcc/arm-none-eabi/4.9.3/../../../../arm-none-eabi/lib/armv7e-m/softfp/libc.a(lib_a-mprec.o)
                0x000000000002ad48                __multiply
 .text.__pow5mult
                0x000000000002ae7c       0xa0 /Applications/Simplicity Studio.app/Contents/Eclipse/developer/toolchains/gnu_arm/4.9_2015q3/bin/../lib/gcc/arm-none-eabi/4.9.3/../../../../arm-none-eabi/lib/armv7e-m/softfp/libc.a(lib_a-mprec.o)
                0x000000000002ae7c                __pow5mult
 .text.__lshift
                0x000000000002af1c       0xac /Applications/Simplicity Studio.app/Contents/Eclipse/developer/toolchains/gnu_arm/4.9_2015q3/bin/../lib/gcc/arm-none-eabi/4.9.3/../../../../arm-none-eabi/lib/armv7e-m/softfp/libc.a(lib_a-mprec.o)
                0x000000000002af1c                __lshift
 .text.__mcmp   0x000000000002afc8       0x48 /Applications/Simplicity Studio.app/Contents/Eclipse/developer/toolchains/gnu_arm/4.9_2015q3/bin/../lib/gcc/arm-none-eabi/4.9.3/../../../../arm-none-eabi/lib/armv7e-m/softfp/libc.a(lib_a-mprec.o)
                0x000000000002afc8                __mcmp
 .text.__mdiff  0x000000000002b010       0xd4 /Applications/Simplicity Studio.app/Contents/Eclipse/developer/toolchains/gnu_arm/4.9_2015q3/bin/../lib/gcc/arm-none-eabi/4.9.3/../../../../arm-none-eabi/lib/armv7e-m/softfp/libc.a(lib_a-mprec.o)
                0x000000000002b010                __mdiff
 .text.__d2b    0x000000000002b0e4       0xb8 /Applications/Simplicity Studio.app/Contents/Eclipse/developer/toolchains/gnu_arm/4.9_2015q3/bin/../lib/gcc/arm-none-eabi/4.9.3/../../../../arm-none-eabi/lib/armv7e-m/softfp/libc.a(lib_a-mprec.o)
                0x000000000002b0e4                __d2b
 .text._read_r  0x000000000002b19c       0x28 /Applications/Simplicity Studio.app/Contents/Eclipse/developer/toolchains/gnu_arm/4.9_2015q3/bin/../lib/gcc/arm-none-eabi/4.9.3/../../../../arm-none-eabi/lib/armv7e-m/softfp/libc.a(lib_a-readr.o)
                0x000000000002b19c                _read_r
 .text._realloc_r
                0x000000000002b1c4      0x3ec /Applications/Simplicity Studio.app/Contents/Eclipse/developer/toolchains/gnu_arm/4.9_2015q3/bin/../lib/gcc/arm-none-eabi/4.9.3/../../../../arm-none-eabi/lib/armv7e-m/softfp/libc.a(lib_a-reallocr.o)
                0x000000000002b1c4                _realloc_r
 .text.__fpclassifyd
                0x000000000002b5b0       0x58 /Applications/Simplicity Studio.app/Contents/Eclipse/developer/toolchains/gnu_arm/4.9_2015q3/bin/../lib/gcc/arm-none-eabi/4.9.3/../../../../arm-none-eabi/lib/armv7e-m/softfp/libc.a(lib_a-s_fpclassify.o)
                0x000000000002b5b0                __fpclassifyd
 .text.__sprint_r.part.0
                0x000000000002b608       0x78 /Applications/Simplicity Studio.app/Contents/Eclipse/developer/toolchains/gnu_arm/4.9_2015q3/bin/../lib/gcc/arm-none-eabi/4.9.3/../../../../arm-none-eabi/lib/armv7e-m/softfp/libc.a(lib_a-vfiprintf.o)
 .text.__sprint_r
                0x000000000002b680       0x18 /Applications/Simplicity Studio.app/Contents/Eclipse/developer/toolchains/gnu_arm/4.9_2015q3/bin/../lib/gcc/arm-none-eabi/4.9.3/../../../../arm-none-eabi/lib/armv7e-m/softfp/libc.a(lib_a-vfiprintf.o)
                0x000000000002b680                __sprint_r
 .text.__register_exitproc
                0x000000000002b698       0xa4 /Applications/Simplicity Studio.app/Contents/Eclipse/developer/toolchains/gnu_arm/4.9_2015q3/bin/../lib/gcc/arm-none-eabi/4.9.3/../../../../arm-none-eabi/lib/armv7e-m/softfp/libc.a(lib_a-__atexit.o)
                0x000000000002b698                __register_exitproc
 .text._calloc_r
                0x000000000002b73c       0x60 /Applications/Simplicity Studio.app/Contents/Eclipse/developer/toolchains/gnu_arm/4.9_2015q3/bin/../lib/gcc/arm-none-eabi/4.9.3/../../../../arm-none-eabi/lib/armv7e-m/softfp/libc.a(lib_a-callocr.o)
                0x000000000002b73c                _calloc_r
 .text.__fputwc
                0x000000000002b79c       0xb0 /Applications/Simplicity Studio.app/Contents/Eclipse/developer/toolchains/gnu_arm/4.9_2015q3/bin/../lib/gcc/arm-none-eabi/4.9.3/../../../../arm-none-eabi/lib/armv7e-m/softfp/libc.a(lib_a-fputwc.o)
                0x000000000002b79c                __fputwc
 .text._fputwc_r
                0x000000000002b84c       0x24 /Applications/Simplicity Studio.app/Contents/Eclipse/developer/toolchains/gnu_arm/4.9_2015q3/bin/../lib/gcc/arm-none-eabi/4.9.3/../../../../arm-none-eabi/lib/armv7e-m/softfp/libc.a(lib_a-fputwc.o)
                0x000000000002b84c                _fputwc_r
 .text._fstat_r
                0x000000000002b870       0x28 /Applications/Simplicity Studio.app/Contents/Eclipse/developer/toolchains/gnu_arm/4.9_2015q3/bin/../lib/gcc/arm-none-eabi/4.9.3/../../../../arm-none-eabi/lib/armv7e-m/softfp/libc.a(lib_a-fstatr.o)
                0x000000000002b870                _fstat_r
 .text._isatty_r
                0x000000000002b898       0x24 /Applications/Simplicity Studio.app/Contents/Eclipse/developer/toolchains/gnu_arm/4.9_2015q3/bin/../lib/gcc/arm-none-eabi/4.9.3/../../../../arm-none-eabi/lib/armv7e-m/softfp/libc.a(lib_a-isattyr.o)
                0x000000000002b898                _isatty_r
 .text.__swbuf_r
                0x000000000002b8bc       0xa8 /Applications/Simplicity Studio.app/Contents/Eclipse/developer/toolchains/gnu_arm/4.9_2015q3/bin/../lib/gcc/arm-none-eabi/4.9.3/../../../../arm-none-eabi/lib/armv7e-m/softfp/libc.a(lib_a-wbuf.o)
                0x000000000002b8bc                __swbuf_r
 .text._wcrtomb_r
                0x000000000002b964       0x54 /Applications/Simplicity Studio.app/Contents/Eclipse/developer/toolchains/gnu_arm/4.9_2015q3/bin/../lib/gcc/arm-none-eabi/4.9.3/../../../../arm-none-eabi/lib/armv7e-m/softfp/libc.a(lib_a-wcrtomb.o)
                0x000000000002b964                _wcrtomb_r
 .text.__ascii_wctomb
                0x000000000002b9b8       0x1c /Applications/Simplicity Studio.app/Contents/Eclipse/developer/toolchains/gnu_arm/4.9_2015q3/bin/../lib/gcc/arm-none-eabi/4.9.3/../../../../arm-none-eabi/lib/armv7e-m/softfp/libc.a(lib_a-wctomb_r.o)
                0x000000000002b9b8                __ascii_wctomb
 .text          0x000000000002b9d4      0x370 /Applications/Simplicity Studio.app/Contents/Eclipse/developer/toolchains/gnu_arm/4.9_2015q3/bin/../lib/gcc/arm-none-eabi/4.9.3/armv7e-m/softfp/libgcc.a(_arm_addsubdf3.o)
                0x000000000002b9d4                __aeabi_drsub
                0x000000000002b9dc                __subdf3
                0x000000000002b9dc                __aeabi_dsub
                0x000000000002b9e0                __aeabi_dadd
                0x000000000002b9e0                __adddf3
                0x000000000002bc58                __aeabi_ui2d
                0x000000000002bc58                __floatunsidf
                0x000000000002bc78                __floatsidf
                0x000000000002bc78                __aeabi_i2d
                0x000000000002bc9c                __extendsfdf2
                0x000000000002bc9c                __aeabi_f2d
                0x000000000002bcd8                __aeabi_ul2d
                0x000000000002bcd8                __floatundidf
                0x000000000002bce8                __aeabi_l2d
                0x000000000002bce8                __floatdidf
 .text          0x000000000002bd44      0x424 /Applications/Simplicity Studio.app/Contents/Eclipse/developer/toolchains/gnu_arm/4.9_2015q3/bin/../lib/gcc/arm-none-eabi/4.9.3/armv7e-m/softfp/libgcc.a(_arm_muldivdf3.o)
                0x000000000002bd44                __aeabi_dmul
                0x000000000002bd44                __muldf3
                0x000000000002bf98                __aeabi_ddiv
                0x000000000002bf98                __divdf3
 .text          0x000000000002c168      0x110 /Applications/Simplicity Studio.app/Contents/Eclipse/developer/toolchains/gnu_arm/4.9_2015q3/bin/../lib/gcc/arm-none-eabi/4.9.3/armv7e-m/softfp/libgcc.a(_arm_cmpdf2.o)
                0x000000000002c168                __gtdf2
                0x000000000002c168                __gedf2
                0x000000000002c170                __ltdf2
                0x000000000002c170                __ledf2
                0x000000000002c178                __eqdf2
                0x000000000002c178                __nedf2
                0x000000000002c178                __cmpdf2
                0x000000000002c1f4                __aeabi_cdrcmple
                0x000000000002c204                __aeabi_cdcmple
                0x000000000002c204                __aeabi_cdcmpeq
                0x000000000002c214                __aeabi_dcmpeq
                0x000000000002c228                __aeabi_dcmplt
                0x000000000002c23c                __aeabi_dcmple
                0x000000000002c250                __aeabi_dcmpge
                0x000000000002c264                __aeabi_dcmpgt
 .text          0x000000000002c278       0x50 /Applications/Simplicity Studio.app/Contents/Eclipse/developer/toolchains/gnu_arm/4.9_2015q3/bin/../lib/gcc/arm-none-eabi/4.9.3/armv7e-m/softfp/libgcc.a(_arm_fixdfsi.o)
                0x000000000002c278                __fixdfsi
                0x000000000002c278                __aeabi_d2iz
 *(.init)
 .init          0x000000000002c2c8        0x4 /Applications/Simplicity Studio.app/Contents/Eclipse/developer/toolchains/gnu_arm/4.9_2015q3/bin/../lib/gcc/arm-none-eabi/4.9.3/armv7e-m/softfp/crti.o
                0x000000000002c2c8                _init
 .init          0x000000000002c2cc        0x8 /Applications/Simplicity Studio.app/Contents/Eclipse/developer/toolchains/gnu_arm/4.9_2015q3/bin/../lib/gcc/arm-none-eabi/4.9.3/armv7e-m/softfp/crtn.o
 *(.fini)
 .fini          0x000000000002c2d4        0x4 /Applications/Simplicity Studio.app/Contents/Eclipse/developer/toolchains/gnu_arm/4.9_2015q3/bin/../lib/gcc/arm-none-eabi/4.9.3/armv7e-m/softfp/crti.o
                0x000000000002c2d4                _fini
 .fini          0x000000000002c2d8        0x8 /Applications/Simplicity Studio.app/Contents/Eclipse/developer/toolchains/gnu_arm/4.9_2015q3/bin/../lib/gcc/arm-none-eabi/4.9.3/armv7e-m/softfp/crtn.o
 *crtbegin.o(.ctors)
 *crtbegin?.o(.ctors)
 *(EXCLUDE_FILE(*crtend.o *crtend?.o) .ctors)
 *(SORT(.ctors.*))
 *(.ctors)
 *crtbegin.o(.dtors)
 *crtbegin?.o(.dtors)
 *(EXCLUDE_FILE(*crtend.o *crtend?.o) .dtors)
 *(SORT(.dtors.*))
 *(.dtors)
 *(.rodata*)
 .rodata.ptiInit
                0x000000000002c2e0       0x24 ./main.o
 .rodata.config
                0x000000000002c304       0xe8 ./main.o
 .rodata.str1.4
                0x000000000002c3ec       0x34 ./main.o
 .rodata.heaperr.6936
                0x000000000002c420       0x1a ./retargetio.o
 *fill*         0x000000000002c43a        0x2 
 .rodata        0x000000000002c43c       0x28 ./retargetserial.o
 .rodata.serviceUUID
                0x000000000002c464       0x10 ./spp_client_main.o
                0x000000000002c464                serviceUUID
 .rodata.str1.4
                0x000000000002c474       0xce ./spp_client_main.o
 *fill*         0x000000000002c542        0x2 
 .rodata.charUUID
                0x000000000002c544       0x10 ./spp_client_main.o
                0x000000000002c544                charUUID
 .rodata.str1.4
                0x000000000002c554       0x2a ./spp_server_main.o
                                         0x6a (size before relaxing)
 *fill*         0x000000000002c57e        0x2 
 .rodata        0x000000000002c580        0x4 ./bgapi/dmadrv.o
 .rodata.CSWTCH.45
                0x000000000002c584        0xc ./emlib/em_cmu.o
 .rodata.CSWTCH.46
                0x000000000002c590       0x10 ./emlib/em_cmu.o
 .rodata.CSWTCH.47
                0x000000000002c5a0       0x10 ./emlib/em_cmu.o
 .rodata.CSWTCH.48
                0x000000000002c5b0       0x10 ./emlib/em_cmu.o
 .rodata.i2cNSum
                0x000000000002c5c0        0x4 ./emlib/em_i2c.o
 .rodata        0x000000000002c5c4       0x24 ./kit_flashpwr/BRD4302A/mx25flash_spi.o
 .rodata        0x000000000002c5e8       0x50 ./src/InitDevice.o
 .rodata        0x000000000002c638       0x78 /Applications/Simplicity Studio.app/Contents/Eclipse/developer/sdks/gecko_sdk_suite/v1.0//protocol/bluetooth_2.3/lib/EFR32BG1B/GCC/bgapi.a(gecko_bgapi_hardware.c.obj)
 .rodata        0x000000000002c6b0       0x30 /Applications/Simplicity Studio.app/Contents/Eclipse/developer/sdks/gecko_sdk_suite/v1.0//protocol/bluetooth_2.3/lib/EFR32BG1B/GCC/bgapi.a(gecko_bgapi_test.c.obj)
 .rodata        0x000000000002c6e0       0x18 /Applications/Simplicity Studio.app/Contents/Eclipse/developer/sdks/gecko_sdk_suite/v1.0//protocol/bluetooth_2.3/lib/EFR32BG1B/GCC/bgapi.a(gecko_bgapi_util.c.obj)
 .rodata        0x000000000002c6f8       0x28 /Applications/Simplicity Studio.app/Contents/Eclipse/developer/sdks/gecko_sdk_suite/v1.0//protocol/bluetooth_2.3/lib/EFR32BG1B/GCC/bgapi.a(gecko_bgapi_dfu.c.obj)
 .rodata        0x000000000002c720       0x70 /Applications/Simplicity Studio.app/Contents/Eclipse/developer/sdks/gecko_sdk_suite/v1.0//protocol/bluetooth_2.3/lib/EFR32BG1B/GCC/bgapi.a(gecko_bgapi_gap.c.obj)
 .rodata        0x000000000002c790       0xa0 /Applications/Simplicity Studio.app/Contents/Eclipse/developer/sdks/gecko_sdk_suite/v1.0//protocol/bluetooth_2.3/lib/EFR32BG1B/GCC/bgapi.a(gecko_bgapi_gatt.c.obj)
 .rodata        0x000000000002c830       0x48 /Applications/Simplicity Studio.app/Contents/Eclipse/developer/sdks/gecko_sdk_suite/v1.0//protocol/bluetooth_2.3/lib/EFR32BG1B/GCC/bgapi.a(gecko_bgapi_gatt_server.c.obj)
 .rodata        0x000000000002c878       0x30 /Applications/Simplicity Studio.app/Contents/Eclipse/developer/sdks/gecko_sdk_suite/v1.0//protocol/bluetooth_2.3/lib/EFR32BG1B/GCC/bgapi.a(gecko_bgapi_flash.c.obj)
 .rodata        0x000000000002c8a8       0x80 /Applications/Simplicity Studio.app/Contents/Eclipse/developer/sdks/gecko_sdk_suite/v1.0//protocol/bluetooth_2.3/lib/EFR32BG1B/GCC/bgapi.a(gecko_bgapi_sm.c.obj)
 .rodata        0x000000000002c928       0x38 /Applications/Simplicity Studio.app/Contents/Eclipse/developer/sdks/gecko_sdk_suite/v1.0//protocol/bluetooth_2.3/lib/EFR32BG1B/GCC/bgapi.a(gecko_bgapi_system.c.obj)
 .rodata        0x000000000002c960       0x38 /Applications/Simplicity Studio.app/Contents/Eclipse/developer/sdks/gecko_sdk_suite/v1.0//protocol/bluetooth_2.3/lib/EFR32BG1B/GCC/bgapi.a(gecko_bgapi_endpoint.c.obj)
 .rodata        0x000000000002c998       0x28 /Applications/Simplicity Studio.app/Contents/Eclipse/developer/sdks/gecko_sdk_suite/v1.0//protocol/bluetooth_2.3/lib/EFR32BG1B/GCC/bgapi.a(gecko_bgapi_le_connection.c.obj)
 .rodata        0x000000000002c9c0       0x18 /Applications/Simplicity Studio.app/Contents/Eclipse/developer/sdks/gecko_sdk_suite/v1.0//protocol/bluetooth_2.3/lib/EFR32BG1B/GCC/bgapi.a(bgapi_sm.c.obj)
 .rodata        0x000000000002c9d8       0x18 /Applications/Simplicity Studio.app/Contents/Eclipse/developer/sdks/gecko_sdk_suite/v1.0//protocol/bluetooth_2.3/lib/EFR32BG1B/GCC/bgapi.a(adc.c.obj)
 .rodata        0x000000000002c9f0       0x40 /Applications/Simplicity Studio.app/Contents/Eclipse/developer/sdks/gecko_sdk_suite/v1.0//protocol/bluetooth_2.3/lib/EFR32BG1B/GCC/bgapi.a(gpio.c.obj)
 .rodata        0x000000000002ca30       0x10 /Applications/Simplicity Studio.app/Contents/Eclipse/developer/sdks/gecko_sdk_suite/v1.0//protocol/bluetooth_2.3/lib/EFR32BG1B/GCC/bgapi.a(i2c.c.obj)
 .rodata        0x000000000002ca40       0x60 /Applications/Simplicity Studio.app/Contents/Eclipse/developer/sdks/gecko_sdk_suite/v1.0//protocol/bluetooth_2.3/lib/EFR32BG1B/GCC/bgapi.a(uart.c.obj)
 .rodata.str1.4
                0x000000000002caa0        0x2 /Applications/Simplicity Studio.app/Contents/Eclipse/developer/toolchains/gnu_arm/4.9_2015q3/bin/../lib/gcc/arm-none-eabi/4.9.3/../../../../arm-none-eabi/lib/armv7e-m/softfp/libc.a(lib_a-impure.o)
 *fill*         0x000000000002caa2        0x2 
 .rodata._global_impure_ptr
                0x000000000002caa4        0x4 /Applications/Simplicity Studio.app/Contents/Eclipse/developer/toolchains/gnu_arm/4.9_2015q3/bin/../lib/gcc/arm-none-eabi/4.9.3/../../../../arm-none-eabi/lib/armv7e-m/softfp/libc.a(lib_a-impure.o)
                0x000000000002caa4                _global_impure_ptr
 .rodata.str1.4
                0x0000000000000000        0x2 /Applications/Simplicity Studio.app/Contents/Eclipse/developer/toolchains/gnu_arm/4.9_2015q3/bin/../lib/gcc/arm-none-eabi/4.9.3/../../../../arm-none-eabi/lib/armv7e-m/softfp/libc.a(lib_a-puts.o)
 .rodata.zeroes.6926
                0x000000000002caa8       0x10 /Applications/Simplicity Studio.app/Contents/Eclipse/developer/toolchains/gnu_arm/4.9_2015q3/bin/../lib/gcc/arm-none-eabi/4.9.3/../../../../arm-none-eabi/lib/armv7e-m/softfp/libc.a(lib_a-vfprintf.o)
 .rodata.str1.4
                0x000000000002cab8       0x42 /Applications/Simplicity Studio.app/Contents/Eclipse/developer/toolchains/gnu_arm/4.9_2015q3/bin/../lib/gcc/arm-none-eabi/4.9.3/../../../../arm-none-eabi/lib/armv7e-m/softfp/libc.a(lib_a-vfprintf.o)
 *fill*         0x000000000002cafa        0x2 
 .rodata.blanks.6925
                0x000000000002cafc       0x10 /Applications/Simplicity Studio.app/Contents/Eclipse/developer/toolchains/gnu_arm/4.9_2015q3/bin/../lib/gcc/arm-none-eabi/4.9.3/../../../../arm-none-eabi/lib/armv7e-m/softfp/libc.a(lib_a-vfprintf.o)
 .rodata.str1.4
                0x000000000002cb0c       0x10 /Applications/Simplicity Studio.app/Contents/Eclipse/developer/toolchains/gnu_arm/4.9_2015q3/bin/../lib/gcc/arm-none-eabi/4.9.3/../../../../arm-none-eabi/lib/armv7e-m/softfp/libc.a(lib_a-dtoa.o)
                                         0x12 (size before relaxing)
 .rodata.str1.4
                0x000000000002cb1c        0xc /Applications/Simplicity Studio.app/Contents/Eclipse/developer/toolchains/gnu_arm/4.9_2015q3/bin/../lib/gcc/arm-none-eabi/4.9.3/../../../../arm-none-eabi/lib/armv7e-m/softfp/libc.a(lib_a-locale.o)
                                         0x12 (size before relaxing)
 .rodata.__mprec_tens
                0x000000000002cb28       0xc8 /Applications/Simplicity Studio.app/Contents/Eclipse/developer/toolchains/gnu_arm/4.9_2015q3/bin/../lib/gcc/arm-none-eabi/4.9.3/../../../../arm-none-eabi/lib/armv7e-m/softfp/libc.a(lib_a-mprec.o)
                0x000000000002cb28                __mprec_tens
 .rodata.p05.5302
                0x000000000002cbf0        0xc /Applications/Simplicity Studio.app/Contents/Eclipse/developer/toolchains/gnu_arm/4.9_2015q3/bin/../lib/gcc/arm-none-eabi/4.9.3/../../../../arm-none-eabi/lib/armv7e-m/softfp/libc.a(lib_a-mprec.o)
 *fill*         0x000000000002cbfc        0x4 
 .rodata.__mprec_bigtens
                0x000000000002cc00       0x28 /Applications/Simplicity Studio.app/Contents/Eclipse/developer/toolchains/gnu_arm/4.9_2015q3/bin/../lib/gcc/arm-none-eabi/4.9.3/../../../../arm-none-eabi/lib/armv7e-m/softfp/libc.a(lib_a-mprec.o)
                0x000000000002cc00                __mprec_bigtens
 *(.eh_frame*)
 .eh_frame      0x000000000002cc28        0x0 /Applications/Simplicity Studio.app/Contents/Eclipse/developer/toolchains/gnu_arm/4.9_2015q3/bin/../lib/gcc/arm-none-eabi/4.9.3/armv7e-m/softfp/crtbegin.o
 .eh_frame      0x000000000002cc28        0x0 /Applications/Simplicity Studio.app/Contents/Eclipse/developer/toolchains/gnu_arm/4.9_2015q3/bin/../lib/gcc/arm-none-eabi/4.9.3/../../../../arm-none-eabi/lib/armv7e-m/softfp/libc.a(lib_a-strcmp.o)
                                         0x70 (size before relaxing)
 .eh_frame      0x000000000002cc28        0x4 /Applications/Simplicity Studio.app/Contents/Eclipse/developer/toolchains/gnu_arm/4.9_2015q3/bin/../lib/gcc/arm-none-eabi/4.9.3/armv7e-m/softfp/crtend.o
                0x000000000002cc2c                . = ALIGN (0x4)

.glue_7         0x000000000002cc2c        0x0
 .glue_7        0x0000000000000000        0x0 linker stubs

.glue_7t        0x000000000002cc2c        0x0
 .glue_7t       0x0000000000000000        0x0 linker stubs

.vfp11_veneer   0x000000000002cc2c        0x0
 .vfp11_veneer  0x0000000000000000        0x0 linker stubs

.v4_bx          0x000000000002cc2c        0x0
 .v4_bx         0x0000000000000000        0x0 linker stubs

.iplt           0x000000000002cc2c        0x0
 .iplt          0x0000000000000000        0x0 /Applications/Simplicity Studio.app/Contents/Eclipse/developer/toolchains/gnu_arm/4.9_2015q3/bin/../lib/gcc/arm-none-eabi/4.9.3/armv7e-m/softfp/crtbegin.o

.igot.plt       0x000000000002cc2c        0x0
 .igot.plt      0x0000000000000000        0x0 /Applications/Simplicity Studio.app/Contents/Eclipse/developer/toolchains/gnu_arm/4.9_2015q3/bin/../lib/gcc/arm-none-eabi/4.9.3/armv7e-m/softfp/crtbegin.o

.text_app_ARM.extab
 *(.ARM.extab* .gnu.linkonce.armextab.*)
                0x000000000002cc2c                __exidx_start = .

.text_app_ARM.exidx
                0x000000000002cc2c        0x8
 *(.ARM.exidx* .gnu.linkonce.armexidx.*)
 .ARM.exidx     0x000000000002cc2c        0x8 /Applications/Simplicity Studio.app/Contents/Eclipse/developer/toolchains/gnu_arm/4.9_2015q3/bin/../lib/gcc/arm-none-eabi/4.9.3/../../../../arm-none-eabi/lib/armv7e-m/softfp/crt0.o
 .ARM.exidx     0x000000000002cc34        0x0 /Applications/Simplicity Studio.app/Contents/Eclipse/developer/toolchains/gnu_arm/4.9_2015q3/bin/../lib/gcc/arm-none-eabi/4.9.3/armv7e-m/softfp/libgcc.a(_divdi3.o)
                                          0x8 (size before relaxing)
 .ARM.exidx     0x000000000002cc34        0x0 /Applications/Simplicity Studio.app/Contents/Eclipse/developer/toolchains/gnu_arm/4.9_2015q3/bin/../lib/gcc/arm-none-eabi/4.9.3/armv7e-m/softfp/libgcc.a(_udivdi3.o)
                                          0x8 (size before relaxing)
                0x000000000002cc34                __exidx_end = .
                0x000000000002cc34                __etext = .

.rel.dyn        0x000000000002cc34        0x0
 .rel.iplt      0x0000000000000000        0x0 /Applications/Simplicity Studio.app/Contents/Eclipse/developer/toolchains/gnu_arm/4.9_2015q3/bin/../lib/gcc/arm-none-eabi/4.9.3/armv7e-m/softfp/crtbegin.o

.text_app_data  0x0000000020003000      0x8fc load address 0x000000000002cc34
                0x0000000020003000                __data_start__ = .
 *(vtable)
 *(.data*)
 .data.bg_gattdb_data_attribute_field_21_data
                0x0000000020003000        0x4 ./gatt_db.o
                0x0000000020003000                bg_gattdb_data_attribute_field_21_data
 .data.bg_gattdb_data_attribute_field_6_data
                0x0000000020003004        0xd ./gatt_db.o
                0x0000000020003004                bg_gattdb_data_attribute_field_6_data
 .data._conn_handle
                0x0000000020003011        0x1 ./spp_client_main.o
 .data._conn_handle
                0x0000000020003012        0x1 ./spp_server_main.o
 *fill*         0x0000000020003013        0x1 
 .data.auxHfrcoFreq
                0x0000000020003014        0x4 ./emlib/em_cmu.o
 .data          0x0000000020003018        0x1 /Applications/Simplicity Studio.app/Contents/Eclipse/developer/sdks/gecko_sdk_suite/v1.0//protocol/bluetooth_2.3/lib/EFR32BG1B/GCC/bgapi.a(bgapi_endpoint.c.obj)
 *fill*         0x0000000020003019        0x3 
 .data          0x000000002000301c       0x30 /Applications/Simplicity Studio.app/Contents/Eclipse/developer/sdks/gecko_sdk_suite/v1.0//protocol/bluetooth_2.3/lib/EFR32BG1B/GCC/bgapi.a(adc.c.obj)
 *fill*         0x000000002000304c        0x4 
 .data.impure_data
                0x0000000020003050      0x428 /Applications/Simplicity Studio.app/Contents/Eclipse/developer/toolchains/gnu_arm/4.9_2015q3/bin/../lib/gcc/arm-none-eabi/4.9.3/../../../../arm-none-eabi/lib/armv7e-m/softfp/libc.a(lib_a-impure.o)
 .data._impure_ptr
                0x0000000020003478        0x4 /Applications/Simplicity Studio.app/Contents/Eclipse/developer/toolchains/gnu_arm/4.9_2015q3/bin/../lib/gcc/arm-none-eabi/4.9.3/../../../../arm-none-eabi/lib/armv7e-m/softfp/libc.a(lib_a-impure.o)
                0x0000000020003478                _impure_ptr
 .data.__malloc_av_
                0x000000002000347c      0x408 /Applications/Simplicity Studio.app/Contents/Eclipse/developer/toolchains/gnu_arm/4.9_2015q3/bin/../lib/gcc/arm-none-eabi/4.9.3/../../../../arm-none-eabi/lib/armv7e-m/softfp/libc.a(lib_a-mallocr.o)
                0x000000002000347c                __malloc_av_
 .data.__malloc_trim_threshold
                0x0000000020003884        0x4 /Applications/Simplicity Studio.app/Contents/Eclipse/developer/toolchains/gnu_arm/4.9_2015q3/bin/../lib/gcc/arm-none-eabi/4.9.3/../../../../arm-none-eabi/lib/armv7e-m/softfp/libc.a(lib_a-mallocr.o)
                0x0000000020003884                __malloc_trim_threshold
 .data.__malloc_sbrk_base
                0x0000000020003888        0x4 /Applications/Simplicity Studio.app/Contents/Eclipse/developer/toolchains/gnu_arm/4.9_2015q3/bin/../lib/gcc/arm-none-eabi/4.9.3/../../../../arm-none-eabi/lib/armv7e-m/softfp/libc.a(lib_a-mallocr.o)
                0x0000000020003888                __malloc_sbrk_base
 .data.lconv    0x000000002000388c       0x38 /Applications/Simplicity Studio.app/Contents/Eclipse/developer/toolchains/gnu_arm/4.9_2015q3/bin/../lib/gcc/arm-none-eabi/4.9.3/../../../../arm-none-eabi/lib/armv7e-m/softfp/libc.a(lib_a-locale.o)
 .data.lc_ctype_charset
                0x00000000200038c4       0x20 /Applications/Simplicity Studio.app/Contents/Eclipse/developer/toolchains/gnu_arm/4.9_2015q3/bin/../lib/gcc/arm-none-eabi/4.9.3/../../../../arm-none-eabi/lib/armv7e-m/softfp/libc.a(lib_a-locale.o)
 .data.__mb_cur_max
                0x00000000200038e4        0x4 /Applications/Simplicity Studio.app/Contents/Eclipse/developer/toolchains/gnu_arm/4.9_2015q3/bin/../lib/gcc/arm-none-eabi/4.9.3/../../../../arm-none-eabi/lib/armv7e-m/softfp/libc.a(lib_a-locale.o)
                0x00000000200038e4                __mb_cur_max
 .data.__wctomb
                0x00000000200038e8        0x4 /Applications/Simplicity Studio.app/Contents/Eclipse/developer/toolchains/gnu_arm/4.9_2015q3/bin/../lib/gcc/arm-none-eabi/4.9.3/../../../../arm-none-eabi/lib/armv7e-m/softfp/libc.a(lib_a-wctomb_r.o)
                0x00000000200038e8                __wctomb
                0x00000000200038ec                . = ALIGN (0x4)
 *(.ram)
                0x00000000200038ec                . = ALIGN (0x4)
                0x00000000200038ec                PROVIDE (__preinit_array_start, .)
 *(.preinit_array)
                0x00000000200038ec                PROVIDE (__preinit_array_end, .)
                0x00000000200038ec                . = ALIGN (0x4)
                0x00000000200038ec                PROVIDE (__init_array_start, .)
 *(SORT(.init_array.*))
 .init_array.00000
                0x00000000200038ec        0x4 /Applications/Simplicity Studio.app/Contents/Eclipse/developer/toolchains/gnu_arm/4.9_2015q3/bin/../lib/gcc/arm-none-eabi/4.9.3/../../../../arm-none-eabi/lib/armv7e-m/softfp/libc.a(lib_a-__call_atexit.o)
 *(.init_array)
 .init_array    0x00000000200038f0        0x4 /Applications/Simplicity Studio.app/Contents/Eclipse/developer/toolchains/gnu_arm/4.9_2015q3/bin/../lib/gcc/arm-none-eabi/4.9.3/armv7e-m/softfp/crtbegin.o
                0x00000000200038f4                PROVIDE (__init_array_end, .)
                0x00000000200038f4                . = ALIGN (0x4)
                0x00000000200038f4                PROVIDE (__fini_array_start, .)
 *(SORT(.fini_array.*))
 *(.fini_array)
 .fini_array    0x00000000200038f4        0x4 /Applications/Simplicity Studio.app/Contents/Eclipse/developer/toolchains/gnu_arm/4.9_2015q3/bin/../lib/gcc/arm-none-eabi/4.9.3/armv7e-m/softfp/crtbegin.o
                0x00000000200038f8                PROVIDE (__fini_array_end, .)
 *(.jcr*)
 .jcr           0x00000000200038f8        0x0 /Applications/Simplicity Studio.app/Contents/Eclipse/developer/toolchains/gnu_arm/4.9_2015q3/bin/../lib/gcc/arm-none-eabi/4.9.3/armv7e-m/softfp/crtbegin.o
 .jcr           0x00000000200038f8        0x4 /Applications/Simplicity Studio.app/Contents/Eclipse/developer/toolchains/gnu_arm/4.9_2015q3/bin/../lib/gcc/arm-none-eabi/4.9.3/armv7e-m/softfp/crtend.o
                0x00000000200038fc                . = ALIGN (0x4)
                0x00000000200038fc                __data_end__ = .

.bss            0x00000000200038fc     0x1dd0 load address 0x000000000002d530
                0x00000000200038fc                . = ALIGN (0x4)
                0x00000000200038fc                __bss_start__ = .
 *(.bss*)
 .bss           0x00000000200038fc       0x1c /Applications/Simplicity Studio.app/Contents/Eclipse/developer/toolchains/gnu_arm/4.9_2015q3/bin/../lib/gcc/arm-none-eabi/4.9.3/armv7e-m/softfp/crtbegin.o
 .bss.bg_gattdb_data_attribute_field_2_data
                0x0000000020003918        0x4 ./gatt_db.o
                0x0000000020003918                bg_gattdb_data_attribute_field_2_data
 .bss.heap_end.6934
                0x000000002000391c        0x4 ./retargetio.o
 .bss.LFtoCRLF  0x0000000020003920        0x1 ./retargetserial.o
 *fill*         0x0000000020003921        0x3 
 .bss.rxBuffer  0x0000000020003924      0x100 ./retargetserial.o
 .bss.initialized
                0x0000000020003a24        0x1 ./retargetserial.o
 *fill*         0x0000000020003a25        0x3 
 .bss.rxWriteIndex
                0x0000000020003a28        0x4 ./retargetserial.o
 .bss.rxReadIndex
                0x0000000020003a2c        0x4 ./retargetserial.o
 .bss.rxCount   0x0000000020003a30        0x4 ./retargetserial.o
 .bss._main_state
                0x0000000020003a34        0x4 ./spp_client_main.o
 .bss._service_handle
                0x0000000020003a38        0x4 ./spp_client_main.o
 .bss._char_handle
                0x0000000020003a3c        0x2 ./spp_client_main.o
 *fill*         0x0000000020003a3e        0x2 
 .bss._main_state
                0x0000000020003a40        0x4 ./spp_server_main.o
 .bss.chTable   0x0000000020003a44       0xa0 ./bgapi/dmadrv.o
 .bss.initialized
                0x0000000020003ae4        0x1 ./bgapi/dmadrv.o
 *fill*         0x0000000020003ae5        0x3 
 .bss.dmaXfer   0x0000000020003ae8      0x100 ./bgapi/dmadrv.o
 .bss           0x0000000020003be8      0x100 /Applications/Simplicity Studio.app/Contents/Eclipse/developer/sdks/gecko_sdk_suite/v1.0//protocol/bluetooth_2.3/lib/EFR32BG1B/GCC/bgapi.a(bgapi_hardware_lib.c.obj)
 .bss           0x0000000020003ce8        0x4 /Applications/Simplicity Studio.app/Contents/Eclipse/developer/sdks/gecko_sdk_suite/v1.0//protocol/bluetooth_2.3/lib/EFR32BG1B/GCC/bgapi.a(bgapi_hardware.c.obj)
 .bss           0x0000000020003cec       0x10 /Applications/Simplicity Studio.app/Contents/Eclipse/developer/sdks/gecko_sdk_suite/v1.0//protocol/bluetooth_2.3/lib/EFR32BG1B/GCC/bgapi.a(bgapi_util.c.obj)
 .bss           0x0000000020003cfc        0x2 /Applications/Simplicity Studio.app/Contents/Eclipse/developer/sdks/gecko_sdk_suite/v1.0//protocol/bluetooth_2.3/lib/EFR32BG1B/GCC/bgapi.a(bgapi_gap.c.obj)
                0x0000000020003cfc                legacy_maxadv_events
 *fill*         0x0000000020003cfe        0x2 
 .bss           0x0000000020003d00        0x4 /Applications/Simplicity Studio.app/Contents/Eclipse/developer/sdks/gecko_sdk_suite/v1.0//protocol/bluetooth_2.3/lib/EFR32BG1B/GCC/bgapi.a(bgapi_sm.c.obj)
 .bss           0x0000000020003d04        0xc /Applications/Simplicity Studio.app/Contents/Eclipse/developer/sdks/gecko_sdk_suite/v1.0//protocol/bluetooth_2.3/lib/EFR32BG1B/GCC/bgapi.a(bgapi_endpoint.c.obj)
 .bss           0x0000000020003d10        0x4 /Applications/Simplicity Studio.app/Contents/Eclipse/developer/sdks/gecko_sdk_suite/v1.0//protocol/bluetooth_2.3/lib/EFR32BG1B/GCC/bgapi.a(adc.c.obj)
 .bss           0x0000000020003d14        0x2 /Applications/Simplicity Studio.app/Contents/Eclipse/developer/sdks/gecko_sdk_suite/v1.0//protocol/bluetooth_2.3/lib/EFR32BG1B/GCC/bgapi.a(i2c.c.obj)
 *fill*         0x0000000020003d16        0x2 
 .bss           0x0000000020003d18       0x2c /Applications/Simplicity Studio.app/Contents/Eclipse/developer/sdks/gecko_sdk_suite/v1.0//protocol/bluetooth_2.3/lib/EFR32BG1B/GCC/bgapi.a(sleep_signal.c.obj)
                0x0000000020003d2c                sleep_signal_mask
                0x0000000020003d40                host_wakeup_signal_mask
 .bss           0x0000000020003d44       0x70 /Applications/Simplicity Studio.app/Contents/Eclipse/developer/sdks/gecko_sdk_suite/v1.0//protocol/bluetooth_2.3/lib/EFR32BG1B/GCC/bgapi.a(uart.c.obj)
 .bss.__malloc_max_total_mem
                0x0000000020003db4        0x4 /Applications/Simplicity Studio.app/Contents/Eclipse/developer/toolchains/gnu_arm/4.9_2015q3/bin/../lib/gcc/arm-none-eabi/4.9.3/../../../../arm-none-eabi/lib/armv7e-m/softfp/libc.a(lib_a-mallocr.o)
                0x0000000020003db4                __malloc_max_total_mem
 .bss.__malloc_max_sbrked_mem
                0x0000000020003db8        0x4 /Applications/Simplicity Studio.app/Contents/Eclipse/developer/toolchains/gnu_arm/4.9_2015q3/bin/../lib/gcc/arm-none-eabi/4.9.3/../../../../arm-none-eabi/lib/armv7e-m/softfp/libc.a(lib_a-mallocr.o)
                0x0000000020003db8                __malloc_max_sbrked_mem
 .bss.__malloc_top_pad
                0x0000000020003dbc        0x4 /Applications/Simplicity Studio.app/Contents/Eclipse/developer/toolchains/gnu_arm/4.9_2015q3/bin/../lib/gcc/arm-none-eabi/4.9.3/../../../../arm-none-eabi/lib/armv7e-m/softfp/libc.a(lib_a-mallocr.o)
                0x0000000020003dbc                __malloc_top_pad
 .bss.__malloc_current_mallinfo
                0x0000000020003dc0       0x28 /Applications/Simplicity Studio.app/Contents/Eclipse/developer/toolchains/gnu_arm/4.9_2015q3/bin/../lib/gcc/arm-none-eabi/4.9.3/../../../../arm-none-eabi/lib/armv7e-m/softfp/libc.a(lib_a-mallocr.o)
                0x0000000020003dc0                __malloc_current_mallinfo
 *(COMMON)
 COMMON         0x0000000020003de8     0x18d0 ./main.o
                0x0000000020003de8                bluetooth_stack_heap
 COMMON         0x00000000200056b8        0xc /Applications/Simplicity Studio.app/Contents/Eclipse/developer/sdks/gecko_sdk_suite/v1.0//protocol/bluetooth_2.3/lib/EFR32BG1B/GCC/bgapi.a(uart_endpoint.c.obj)
                0x00000000200056b8                uarts
 COMMON         0x00000000200056c4        0x1 /Applications/Simplicity Studio.app/Contents/Eclipse/developer/sdks/gecko_sdk_suite/v1.0//protocol/bluetooth_2.3/lib/EFR32BG1B/GCC/bgapi.a(gpio.c.obj)
                0x00000000200056c4                gpio_events
 *fill*         0x00000000200056c5        0x3 
 COMMON         0x00000000200056c8        0x4 /Applications/Simplicity Studio.app/Contents/Eclipse/developer/toolchains/gnu_arm/4.9_2015q3/bin/../lib/gcc/arm-none-eabi/4.9.3/../../../../arm-none-eabi/lib/armv7e-m/softfp/libc.a(lib_a-reent.o)
                0x00000000200056c8                errno
                0x00000000200056cc                . = ALIGN (0x4)
                0x00000000200056cc                __bss_end__ = .
